Archive member included to satisfy reference by file (symbol)

c:/nxp/mcuxpressoide_11.6.0_8187/ide/plugins/com.nxp.mcuxpresso.tools.win32_11.6.0.202112161359/tools/bin/../lib/gcc/arm-none-eabi/10.3.1/../../../../arm-none-eabi/lib/thumb/v8-m.main+fp/hard\libcr_nohost_nf.a(_cr__main.o)
                              ./startup/startup_lpc5526.o (__main)
c:/nxp/mcuxpressoide_11.6.0_8187/ide/plugins/com.nxp.mcuxpresso.tools.win32_11.6.0.202112161359/tools/bin/../lib/gcc/arm-none-eabi/10.3.1/../../../../arm-none-eabi/lib/thumb/v8-m.main+fp/hard\libcr_c.a(memcpy.o)
                              ./utilities/fsl_str.o (memcpy)
c:/nxp/mcuxpressoide_11.6.0_8187/ide/plugins/com.nxp.mcuxpresso.tools.win32_11.6.0.202112161359/tools/bin/../lib/gcc/arm-none-eabi/10.3.1/../../../../arm-none-eabi/lib/thumb/v8-m.main+fp/hard\libcr_c.a(memset.o)
                              ./utilities/fsl_debug_console.o (memset)
c:/nxp/mcuxpressoide_11.6.0_8187/ide/plugins/com.nxp.mcuxpresso.tools.win32_11.6.0.202112161359/tools/bin/../lib/gcc/arm-none-eabi/10.3.1/../../../../arm-none-eabi/lib/thumb/v8-m.main+fp/hard\libcr_c.a(alloc.o)
                              ./drivers/fsl_common.o (malloc)
c:/nxp/mcuxpressoide_11.6.0_8187/ide/plugins/com.nxp.mcuxpresso.tools.win32_11.6.0.202112161359/tools/bin/../lib/gcc/arm-none-eabi/10.3.1/../../../../arm-none-eabi/lib/thumb/v8-m.main+fp/hard\libcr_c.a(errno.o)
                              ./utilities/fsl_str.o (errno)
c:/nxp/mcuxpressoide_11.6.0_8187/ide/plugins/com.nxp.mcuxpresso.tools.win32_11.6.0.202112161359/tools/bin/../lib/gcc/arm-none-eabi/10.3.1/../../../../arm-none-eabi/lib/thumb/v8-m.main+fp/hard\libcr_c.a(initio.o)
                              c:/nxp/mcuxpressoide_11.6.0_8187/ide/plugins/com.nxp.mcuxpresso.tools.win32_11.6.0.202112161359/tools/bin/../lib/gcc/arm-none-eabi/10.3.1/../../../../arm-none-eabi/lib/thumb/v8-m.main+fp/hard\libcr_nohost_nf.a(_cr__main.o) (_initio)
c:/nxp/mcuxpressoide_11.6.0_8187/ide/plugins/com.nxp.mcuxpresso.tools.win32_11.6.0.202112161359/tools/bin/../lib/gcc/arm-none-eabi/10.3.1/../../../../arm-none-eabi/lib/thumb/v8-m.main+fp/hard\libcr_c.a(scanf.o)
                              ./utilities/fsl_str.o (strtoul)
c:/nxp/mcuxpressoide_11.6.0_8187/ide/plugins/com.nxp.mcuxpresso.tools.win32_11.6.0.202112161359/tools/bin/../lib/gcc/arm-none-eabi/10.3.1/../../../../arm-none-eabi/lib/thumb/v8-m.main+fp/hard\libcr_c.a(setvbuf.o)
                              c:/nxp/mcuxpressoide_11.6.0_8187/ide/plugins/com.nxp.mcuxpresso.tools.win32_11.6.0.202112161359/tools/bin/../lib/gcc/arm-none-eabi/10.3.1/../../../../arm-none-eabi/lib/thumb/v8-m.main+fp/hard\libcr_c.a(initio.o) (setvbuf)
c:/nxp/mcuxpressoide_11.6.0_8187/ide/plugins/com.nxp.mcuxpresso.tools.win32_11.6.0.202112161359/tools/bin/../lib/gcc/arm-none-eabi/10.3.1/../../../../arm-none-eabi/lib/thumb/v8-m.main+fp/hard\libcr_c.a(strlen.o)
                              ./utilities/fsl_str.o (strlen)
c:/nxp/mcuxpressoide_11.6.0_8187/ide/plugins/com.nxp.mcuxpresso.tools.win32_11.6.0.202112161359/tools/bin/../lib/gcc/arm-none-eabi/10.3.1/../../../../arm-none-eabi/lib/thumb/v8-m.main+fp/hard\libcr_c.a(ungetc.o)
                              c:/nxp/mcuxpressoide_11.6.0_8187/ide/plugins/com.nxp.mcuxpresso.tools.win32_11.6.0.202112161359/tools/bin/../lib/gcc/arm-none-eabi/10.3.1/../../../../arm-none-eabi/lib/thumb/v8-m.main+fp/hard\libcr_c.a(scanf.o) (ungetc)
c:/nxp/mcuxpressoide_11.6.0_8187/ide/plugins/com.nxp.mcuxpresso.tools.win32_11.6.0.202112161359/tools/bin/../lib/gcc/arm-none-eabi/10.3.1/../../../../arm-none-eabi/lib/thumb/v8-m.main+fp/hard\libcr_c.a(__fillbuf.o)
                              c:/nxp/mcuxpressoide_11.6.0_8187/ide/plugins/com.nxp.mcuxpresso.tools.win32_11.6.0.202112161359/tools/bin/../lib/gcc/arm-none-eabi/10.3.1/../../../../arm-none-eabi/lib/thumb/v8-m.main+fp/hard\libcr_c.a(scanf.o) (__filbuf)
c:/nxp/mcuxpressoide_11.6.0_8187/ide/plugins/com.nxp.mcuxpresso.tools.win32_11.6.0.202112161359/tools/bin/../lib/gcc/arm-none-eabi/10.3.1/../../../../arm-none-eabi/lib/thumb/v8-m.main+fp/hard\libcr_c.a(__init_alloc.o)
                              c:/nxp/mcuxpressoide_11.6.0_8187/ide/plugins/com.nxp.mcuxpresso.tools.win32_11.6.0.202112161359/tools/bin/../lib/gcc/arm-none-eabi/10.3.1/../../../../arm-none-eabi/lib/thumb/v8-m.main+fp/hard\libcr_c.a(alloc.o) (__heaps)
c:/nxp/mcuxpressoide_11.6.0_8187/ide/plugins/com.nxp.mcuxpresso.tools.win32_11.6.0.202112161359/tools/bin/../lib/gcc/arm-none-eabi/10.3.1/../../../../arm-none-eabi/lib/thumb/v8-m.main+fp/hard\libcr_c.a(_cr_sbrk.o)
                              c:/nxp/mcuxpressoide_11.6.0_8187/ide/plugins/com.nxp.mcuxpresso.tools.win32_11.6.0.202112161359/tools/bin/../lib/gcc/arm-none-eabi/10.3.1/../../../../arm-none-eabi/lib/thumb/v8-m.main+fp/hard\libcr_c.a(alloc.o) (_sbrk)
[...]
Memory Configuration

Name             Origin             Length             Attributes
PROGRAM_FLASH    0x00000000         0x00040000         xr
SRAM             0x20000000         0x00018000         xrw
SRAMX            0x04000000         0x00008000         xrw
USB_RAM          0x40100000         0x00004000         xrw
*default*        0x00000000         0xffffffff

Linker script and memory map

LOAD ./utilities/fsl_assert.o
LOAD ./utilities/fsl_debug_console.o
LOAD ./utilities/fsl_str.o
LOAD ./startup/startup_lpc5526.o
LOAD ./source/LPC5526_PM.o
LOAD ./source/ad9102.o
LOAD ./source/semihost_hardfault.o
LOAD ./drivers/fsl_clock.o
LOAD ./drivers/fsl_common.o
LOAD ./drivers/fsl_common_arm.o
LOAD ./drivers/fsl_dma.o
LOAD ./drivers/fsl_flexcomm.o
LOAD ./drivers/fsl_gpio.o
LOAD ./drivers/fsl_i2c.o
LOAD ./drivers/fsl_i2c_cmsis.o
LOAD ./drivers/fsl_i2c_dma.o
LOAD ./drivers/fsl_power.o
LOAD ./drivers/fsl_reset.o
LOAD ./drivers/fsl_spi.o
LOAD ./drivers/fsl_spi_cmsis.o
LOAD ./drivers/fsl_spi_dma.o
LOAD ./drivers/fsl_usart.o
LOAD ./device/system_LPC5526.o
LOAD ./component/uart/fsl_adapter_usart.o
LOAD ./component/serial_manager/fsl_component_serial_manager.o
LOAD ./component/serial_manager/fsl_component_serial_port_uart.o
LOAD ./component/lists/fsl_component_generic_list.o
LOAD ./board/board.o
LOAD ./board/clock_config.o
LOAD ./board/peripherals.o
LOAD ./board/pin_mux.o
START GROUP
LOAD c:/nxp/mcuxpressoide_11.6.0_8187/ide/plugins/com.nxp.mcuxpresso.tools.win32_11.6.0.202112161359/tools/bin/../lib/gcc/arm-none-eabi/10.3.1/../../../../arm-none-eabi/lib/thumb/v8-m.main+fp/hard\libcr_nohost_nf.a
LOAD c:/nxp/mcuxpressoide_11.6.0_8187/ide/plugins/com.nxp.mcuxpresso.tools.win32_11.6.0.202112161359/tools/bin/../lib/gcc/arm-none-eabi/10.3.1/../../../../arm-none-eabi/lib/thumb/v8-m.main+fp/hard\libcr_c.a
LOAD c:/nxp/mcuxpressoide_11.6.0_8187/ide/plugins/com.nxp.mcuxpresso.tools.win32_11.6.0.202112161359/tools/bin/../lib/gcc/arm-none-eabi/10.3.1/thumb/v8-m.main+fp/hard\libcr_eabihelpers.a
LOAD c:/nxp/mcuxpressoide_11.6.0_8187/ide/plugins/com.nxp.mcuxpresso.tools.win32_11.6.0.202112161359/tools/bin/../lib/gcc/arm-none-eabi/10.3.1/thumb/v8-m.main+fp/hard\libgcc.a
END GROUP
                0x00000000                __base_PROGRAM_FLASH = 0x0
                0x00000000                __base_Flash = 0x0
                0x00040000                __top_PROGRAM_FLASH = 0x40000
                0x00040000                __top_Flash = 0x40000
                0x20000000                __base_SRAM = 0x20000000
                0x20000000                __base_RAM = 0x20000000
                0x20018000                __top_SRAM = 0x20018000
                0x20018000                __top_RAM = 0x20018000
                0x04000000                __base_SRAMX = 0x4000000
                0x04000000                __base_RAM2 = 0x4000000
                0x04008000                __top_SRAMX = 0x4008000
                0x04008000                __top_RAM2 = 0x4008000
                0x40100000                __base_USB_RAM = 0x40100000
                0x40100000                __base_RAM3 = 0x40100000
                0x40104000                __top_USB_RAM = 0x40104000
                0x40104000                __top_RAM3 = 0x40104000

.text           0x00000000     0x5aac
 FILL mask 0xff
                0x00000000                __vectors_start__ = ABSOLUTE (.)
 *(SORT_BY_ALIGNMENT(.isr_vector))
 .isr_vector    0x00000000      0x130 ./startup/startup_lpc5526.o
                0x00000000                g_pfnVectors
                0x00000000                __Vectors
                0x00000130                . = ALIGN (0x4)
                0x00000130                __section_table_start = .
                0x00000130                __data_section_table = .
                0x00000130        0x4 LONG 0x5aac LOADADDR (.data)
                0x00000134        0x4 LONG 0x20000000 ADDR (.data)
                0x00000138        0x4 LONG 0x114 SIZEOF (.data)
                0x0000013c        0x4 LONG 0x5aac LOADADDR (.data_RAM2)
                0x00000140        0x4 LONG 0x4000000 ADDR (.data_RAM2)
                0x00000144        0x4 LONG 0x0 SIZEOF (.data_RAM2)
                0x00000148        0x4 LONG 0x5aac LOADADDR (.data_RAM3)
                0x0000014c        0x4 LONG 0x40100000 ADDR (.data_RAM3)
                0x00000150        0x4 LONG 0x0 SIZEOF (.data_RAM3)
                0x00000154                __data_section_table_end = .
                0x00000154                __bss_section_table = .
                0x00000154        0x4 LONG 0x20000114 ADDR (.bss)
                0x00000158        0x4 LONG 0x238 SIZEOF (.bss)
                0x0000015c        0x4 LONG 0x4000000 ADDR (.bss_RAM2)
                0x00000160        0x4 LONG 0x0 SIZEOF (.bss_RAM2)
                0x00000164        0x4 LONG 0x40100000 ADDR (.bss_RAM3)
                0x00000168        0x4 LONG 0x0 SIZEOF (.bss_RAM3)
                0x0000016c                __bss_section_table_end = .
                0x0000016c                __section_table_end = .
 *(SORT_BY_ALIGNMENT(.after_vectors*))
 .after_vectors.reset
                0x0000016c       0x68 ./startup/startup_lpc5526.o
                0x0000016c                ResetISR
 .after_vectors.init_data
                0x000001d4       0x1e ./startup/startup_lpc5526.o
                0x000001d4                data_init
 .after_vectors.init_bss
                0x000001f2       0x12 ./startup/startup_lpc5526.o
                0x000001f2                bss_init
 .after_vectors
                0x00000204       0x16 ./startup/startup_lpc5526.o
                0x00000204                NMI_Handler
                0x00000208                MemManage_Handler
                0x0000020a                BusFault_Handler
                0x0000020c                UsageFault_Handler
                0x0000020e                SecureFault_Handler
                0x00000210                SVC_Handler
                0x00000212                DebugMon_Handler
                0x00000214                PendSV_Handler
                0x00000218                Reserved56_DriverIRQHandler
                0x00000218                PIN_INT0_DriverIRQHandler
                0x00000218                CTIMER2_DriverIRQHandler
                0x00000218                PIN_INT3_DriverIRQHandler
                0x00000218                IntDefaultHandler
                0x00000218                USB0_DriverIRQHandler
                0x00000218                CASER_DriverIRQHandler
                0x00000218                MRT0_DriverIRQHandler
                0x00000218                UTICK0_DriverIRQHandler
                0x00000218                Reserved41_DriverIRQHandler
                0x00000218                PIN_INT4_DriverIRQHandler
                0x00000218                PIN_INT5_DriverIRQHandler
                0x00000218                SEC_GPIO_INT0_IRQ0_DriverIRQHandler
                0x00000218                Reserved47_DriverIRQHandler
                0x00000218                CTIMER4_DriverIRQHandler
                0x00000218                GINT1_DriverIRQHandler
                0x00000218                PIN_INT7_DriverIRQHandler
                0x00000218                Reserved55_DriverIRQHandler
                0x00000218                USB0_NEEDCLK_DriverIRQHandler
                0x00000218                CTIMER0_DriverIRQHandler
                0x00000218                CTIMER1_DriverIRQHandler
                0x00000218                SEC_VIO_DriverIRQHandler
                0x00000218                PIN_INT6_DriverIRQHandler
                0x00000218                PQ_DriverIRQHandler
                0x00000218                PIN_INT1_DriverIRQHandler
                0x00000218                CTIMER3_DriverIRQHandler
                0x00000218                Reserved72_DriverIRQHandler
                0x00000218                Reserved61_DriverIRQHandler
                0x00000218                SEC_GPIO_INT0_IRQ1_DriverIRQHandler
                0x00000218                RTC_DriverIRQHandler
                0x00000218                PIN_INT2_DriverIRQHandler
                0x00000218                Reserved42_DriverIRQHandler
                0x00000218                USB1_DriverIRQHandler
                0x00000218                Reserved60_DriverIRQHandler
                0x00000218                ADC0_DriverIRQHandler
                0x00000218                USB1_NEEDCLK_DriverIRQHandler
                0x00000218                Reserved59_DriverIRQHandler
                0x00000218                SDIO_DriverIRQHandler
                0x00000218                GINT0_DriverIRQHandler
                0x00000218                USB1_PHY_DriverIRQHandler
                0x00000218                ACMP_DriverIRQHandler
                0x00000218                Reserved57_DriverIRQHandler
                0x00000218                Reserved39_DriverIRQHandler
                0x00000218                Reserved46_DriverIRQHandler
                0x00000218                Reserved70_DriverIRQHandler
                0x00000218                WDT_BOD_DriverIRQHandler
                0x00000218                SCT0_DriverIRQHandler
                0x00000218                PLU_DriverIRQHandler
                0x00000218                OS_EVENT_DriverIRQHandler
                0x00000218                SEC_HYPERVISOR_CALL_DriverIRQHandler
 *(SORT_BY_ALIGNMENT(.text*))
 *fill*         0x0000021a        0x6 ff
 .text.main     0x00000220      0x20c ./source/LPC5526_PM.o
                0x00000220                main
 .text.__assertion_failed
                0x0000042c       0x18 ./utilities/fsl_assert.o
                0x0000042c                __assertion_failed
 .text.DbgConsole_SendDataReliable
                0x00000444       0x54 ./utilities/fsl_debug_console.o
                0x00000444                DbgConsole_SendDataReliable
 .text.DbgConsole_Vprintf
                0x00000498       0x6c ./utilities/fsl_debug_console.o
                0x00000498                DbgConsole_Vprintf
 .text.__NVIC_SetPriority
                0x00000504       0x54 ./source/LPC5526_PM.o
 .text.SysTick_Config
                0x00000558       0x44 ./source/LPC5526_PM.o
 .text.POWER_SetBodVbatLevel
                0x0000059c       0x58 ./source/LPC5526_PM.o
 .text.SysTick_Handler
                0x000005f4       0x24 ./source/LPC5526_PM.o
                0x000005f4                SysTick_Handler
 .text.SysTick_DelayTicks
                0x00000618       0x2c ./source/LPC5526_PM.o
                0x00000618                SysTick_DelayTicks
 .text.wait_us  0x00000644       0x38 ./source/LPC5526_PM.o
                0x00000644                wait_us
 .text.SPI_MasterSignalEvent_t
                0x0000067c       0x48 ./source/LPC5526_PM.o
                0x0000067c                SPI_MasterSignalEvent_t
 .text.spi_write
                0x000006c4       0x54 ./source/ad9102.o
                0x000006c4                spi_write
 .text.update_regs
                0x00000718       0x44 ./source/ad9102.o
                0x00000718                update_regs
 .text.POWER_EnablePD
                0x0000075c       0x20 ./drivers/fsl_clock.o
 .text.POWER_DisablePD
                0x0000077c       0x20 ./drivers/fsl_clock.o
 .text.CLOCK_AttachClk
                0x0000079c       0x98 ./drivers/fsl_clock.o
                0x0000079c                CLOCK_AttachClk
 .text.CLOCK_SetClkDiv
                0x00000834       0x80 ./drivers/fsl_clock.o
                0x00000834                CLOCK_SetClkDiv
 .text.CLOCK_SetupFROClocking
                0x000008b4       0x80 ./drivers/fsl_clock.o
                0x000008b4                CLOCK_SetupFROClocking
 .text.CLOCK_SetFLASHAccessCyclesForFreq
                0x00000934      0x148 ./drivers/fsl_clock.o
                0x00000934                CLOCK_SetFLASHAccessCyclesForFreq
 .text.CLOCK_SetupExtClocking
                0x00000a7c       0x50 ./drivers/fsl_clock.o
                0x00000a7c                CLOCK_SetupExtClocking
 .text.CLOCK_GetFro1MFreq
                0x00000acc       0x28 ./drivers/fsl_clock.o
                0x00000acc                CLOCK_GetFro1MFreq
 .text.CLOCK_GetExtClkFreq
                0x00000af4       0x2c ./drivers/fsl_clock.o
                0x00000af4                CLOCK_GetExtClkFreq
 .text.CLOCK_GetOsc32KFreq
                0x00000b20       0x58 ./drivers/fsl_clock.o
                0x00000b20                CLOCK_GetOsc32KFreq
 .text.CLOCK_GetPLL0InClockRate
                0x00000b78       0x64 ./drivers/fsl_clock.o
                0x00000b78                CLOCK_GetPLL0InClockRate
 .text.CLOCK_SetPLL0Freq
                0x00000bdc      0x12c ./drivers/fsl_clock.o
                0x00000bdc                CLOCK_SetPLL0Freq
 .text.SDK_DelayAtLeastUs
                0x00000d08       0x8c ./drivers/fsl_common_arm.o
                0x00000d08                SDK_DelayAtLeastUs
 .text.DMA_GetInstance
                0x00000d94       0x4c ./drivers/fsl_dma.o
 .text.DMA_IRQHandle
                0x00000de0      0x1c4 ./drivers/fsl_dma.o
                0x00000de0                DMA_IRQHandle
 .text.DMA0_DriverIRQHandler
                0x00000fa4       0x14 ./drivers/fsl_dma.o
                0x00000fa4                DMA0_DriverIRQHandler
 .text.DMA1_DriverIRQHandler
                0x00000fb8       0x14 ./drivers/fsl_dma.o
                0x00000fb8                DMA1_DriverIRQHandler
 .text.FLEXCOMM_GetInstance
                0x00000fcc       0x50 ./drivers/fsl_flexcomm.o
                0x00000fcc                FLEXCOMM_GetInstance
 .text.FLEXCOMM_Init
                0x0000101c       0x50 ./drivers/fsl_flexcomm.o
                0x0000101c                FLEXCOMM_Init
 .text.FLEXCOMM_SetIRQHandler
                0x0000106c       0x44 ./drivers/fsl_flexcomm.o
                0x0000106c                FLEXCOMM_SetIRQHandler
 .text.FLEXCOMM0_DriverIRQHandler
                0x000010b0       0x5c ./drivers/fsl_flexcomm.o
                0x000010b0                FLEXCOMM0_DriverIRQHandler
 .text.FLEXCOMM1_DriverIRQHandler
                0x0000110c       0x5c ./drivers/fsl_flexcomm.o
                0x0000110c                FLEXCOMM1_DriverIRQHandler
 .text.FLEXCOMM2_DriverIRQHandler
                0x00001168       0x5c ./drivers/fsl_flexcomm.o
                0x00001168                FLEXCOMM2_DriverIRQHandler
 .text.FLEXCOMM3_DriverIRQHandler
                0x000011c4       0x5c ./drivers/fsl_flexcomm.o
                0x000011c4                FLEXCOMM3_DriverIRQHandler
 .text.FLEXCOMM4_DriverIRQHandler
                0x00001220       0x5c ./drivers/fsl_flexcomm.o
                0x00001220                FLEXCOMM4_DriverIRQHandler
 .text.FLEXCOMM5_DriverIRQHandler
                0x0000127c       0x5c ./drivers/fsl_flexcomm.o
                0x0000127c                FLEXCOMM5_DriverIRQHandler
 .text.FLEXCOMM6_DriverIRQHandler
                0x000012d8       0x5c ./drivers/fsl_flexcomm.o
                0x000012d8                FLEXCOMM6_DriverIRQHandler
 .text.FLEXCOMM7_DriverIRQHandler
                0x00001334       0x5c ./drivers/fsl_flexcomm.o
                0x00001334                FLEXCOMM7_DriverIRQHandler
 .text.FLEXCOMM8_DriverIRQHandler
                0x00001390       0x5c ./drivers/fsl_flexcomm.o
                0x00001390                FLEXCOMM8_DriverIRQHandler
 .text.GPIO_EnablePortClock
                0x000013ec       0x34 ./drivers/fsl_gpio.o
 .text.GPIO_PortInit
                0x00001420       0x2c ./drivers/fsl_gpio.o
                0x00001420                GPIO_PortInit
 .text.lowpower_set_system_voltage
                0x0000144c      0x154 ./drivers/fsl_power.o
 .text.lowpower_set_dcdc_power_profile
                0x000015a0       0xec ./drivers/fsl_power.o
 .text.lowpower_get_part_process_corner
                0x0000168c       0x94 ./drivers/fsl_power.o
 .text.POWER_SetVoltageForFreq
                0x00001720       0x50 ./drivers/fsl_power.o
                0x00001720                POWER_SetVoltageForFreq
 .text.RESET_SetPeripheralReset
                0x00001770       0x5c ./drivers/fsl_reset.o
                0x00001770                RESET_SetPeripheralReset
 .text.RESET_ClearPeripheralReset
                0x000017cc       0x60 ./drivers/fsl_reset.o
                0x000017cc                RESET_ClearPeripheralReset
 .text.__NVIC_EnableIRQ
                0x0000182c       0x3c ./drivers/fsl_spi.o
 .text.SPI_SetTransferDelay
                0x00001868       0x60 ./drivers/fsl_spi.o
 .text.SPI_GetInstance
                0x000018c8       0x4c ./drivers/fsl_spi.o
                0x000018c8                SPI_GetInstance
 .text.SPI_SetDummyData
                0x00001914       0x2c ./drivers/fsl_spi.o
                0x00001914                SPI_SetDummyData
 .text.SPI_MasterGetDefaultConfig
                0x00001940       0x88 ./drivers/fsl_spi.o
                0x00001940                SPI_MasterGetDefaultConfig
 .text.SPI_MasterInit
                0x000019c8      0x190 ./drivers/fsl_spi.o
                0x000019c8                SPI_MasterInit
 .text.SPI_SlaveGetDefaultConfig
                0x00001b58       0x5c ./drivers/fsl_spi.o
                0x00001b58                SPI_SlaveGetDefaultConfig
 .text.SPI_SlaveInit
                0x00001bb4      0x134 ./drivers/fsl_spi.o
                0x00001bb4                SPI_SlaveInit
 .text.SPI_Deinit
                0x00001ce8       0x48 ./drivers/fsl_spi.o
                0x00001ce8                SPI_Deinit
 .text.SPI_MasterSetBaud
                0x00001d30       0x9c ./drivers/fsl_spi.o
                0x00001d30                SPI_MasterSetBaud
 .text.SPI_MasterTransferCreateHandle
                0x00001dcc       0xf0 ./drivers/fsl_spi.o
                0x00001dcc                SPI_MasterTransferCreateHandle
 .text.SPI_MasterTransferNonBlocking
                0x00001ebc      0x138 ./drivers/fsl_spi.o
                0x00001ebc                SPI_MasterTransferNonBlocking
 .text.SPI_MasterTransferAbort
                0x00001ff4       0x58 ./drivers/fsl_spi.o
                0x00001ff4                SPI_MasterTransferAbort
 .text.SPI_TransferHandleIRQInternal
                0x0000204c      0x270 ./drivers/fsl_spi.o
 .text.SPI_MasterTransferHandleIRQ
                0x000022bc      0x1a4 ./drivers/fsl_spi.o
                0x000022bc                SPI_MasterTransferHandleIRQ
 .text.SPI_MasterCommonControl
                0x00002460      0x128 ./drivers/fsl_spi_cmsis.o
 .text.SPI_SlaveCommonControl
                0x00002588      0x120 ./drivers/fsl_spi_cmsis.o
 .text.SPIx_GetVersion
                0x000026a8       0x2c ./drivers/fsl_spi_cmsis.o
 .text.SPI_InterruptPowerControl
                0x000026d4       0xa0 ./drivers/fsl_spi_cmsis.o
 .text.SPI_InterruptControl
                0x00002774      0x2f8 ./drivers/fsl_spi_cmsis.o
 .text.SPI0_InterruptInitialize
                0x00002a6c       0x20 ./drivers/fsl_spi_cmsis.o
 .text.SPI0_InterruptUninitialize
                0x00002a8c       0x14 ./drivers/fsl_spi_cmsis.o
 .text.SPI0_InterruptPowerControl
                0x00002aa0       0x24 ./drivers/fsl_spi_cmsis.o
 .text.SPI0_InterruptSend
                0x00002ac4       0x24 ./drivers/fsl_spi_cmsis.o
 .text.SPI0_InterruptReceive
                0x00002ae8       0x24 ./drivers/fsl_spi_cmsis.o
 .text.SPI0_InterruptTransfer
                0x00002b0c       0x28 ./drivers/fsl_spi_cmsis.o
 .text.SPI0_InterruptGetCount
                0x00002b34       0x14 ./drivers/fsl_spi_cmsis.o
 .text.SPI0_InterruptControl
                0x00002b48       0x24 ./drivers/fsl_spi_cmsis.o
 .text.SPI0_InterruptGetStatus
                0x00002b6c       0x14 ./drivers/fsl_spi_cmsis.o
 .text.USART_WriteBlocking
                0x00002b80       0x8c ./drivers/fsl_usart.o
                0x00002b80                USART_WriteBlocking
 .text.findPll0MMult
                0x00002c0c       0xb4 ./device/system_LPC5526.o
 .text.GetFro12MFreq
                0x00002cc0       0x28 ./device/system_LPC5526.o
 .text.GetFro1MFreq
                0x00002ce8       0x28 ./device/system_LPC5526.o
 .text.GetExtClkFreq
                0x00002d10       0x28 ./device/system_LPC5526.o
 .text.GetFroHfFreq
                0x00002d38       0x28 ./device/system_LPC5526.o
 .text.GetOsc32KFreq
                0x00002d60       0x58 ./device/system_LPC5526.o
 .text.SystemInit
                0x00002db8       0x64 ./device/system_LPC5526.o
                0x00002db8                SystemInit
 .text.SystemCoreClockUpdate
                0x00002e1c      0x29c ./device/system_LPC5526.o
                0x00002e1c                SystemCoreClockUpdate
 .text.HAL_UartSendBlocking
                0x000030b8       0x64 ./component/uart/fsl_adapter_usart.o
                0x000030b8                HAL_UartSendBlocking
 .text.POWER_DisablePD
                0x0000311c       0x20 ./board/clock_config.o
 .text.BOARD_BootClockPLL150M
                0x0000313c       0xf4 ./board/clock_config.o
                0x0000313c                BOARD_BootClockPLL150M
 .text.SPI0_GetFreq
                0x00003230       0x14 ./board/peripherals.o
                0x00003230                SPI0_GetFreq
 .text.FLEXCOMM0_init
                0x00003244       0x20 ./board/peripherals.o
 .text.BOARD_InitPins
                0x00003264       0xec ./board/pin_mux.o
                0x00003264                BOARD_InitPins
 .text._initio  0x00003350       0x78 c:/nxp/mcuxpressoide_11.6.0_8187/ide/plugins/com.nxp.mcuxpresso.tools.win32_11.6.0.202112161359/tools/bin/../lib/gcc/arm-none-eabi/10.3.1/../../../../arm-none-eabi/lib/thumb/v8-m.main+fp/hard\libcr_c.a(initio.o)
                0x00003350                _initio
 .text._Cwritebuf
                0x000033c8       0x6c c:/nxp/mcuxpressoide_11.6.0_8187/ide/plugins/com.nxp.mcuxpresso.tools.win32_11.6.0.202112161359/tools/bin/../lib/gcc/arm-none-eabi/10.3.1/../../../../arm-none-eabi/lib/thumb/v8-m.main+fp/hard\libcr_c.a(_writebuf.o)
                0x000033c8                _Cwritebuf
 .text.fflush   0x00003434       0x3c c:/nxp/mcuxpressoide_11.6.0_8187/ide/plugins/com.nxp.mcuxpresso.tools.win32_11.6.0.202112161359/tools/bin/../lib/gcc/arm-none-eabi/10.3.1/../../../../arm-none-eabi/lib/thumb/v8-m.main+fp/hard\libcr_c.a(fflush.o)
                0x00003434                fflush
 .text.fseek    0x00003470       0xfc c:/nxp/mcuxpressoide_11.6.0_8187/ide/plugins/com.nxp.mcuxpresso.tools.win32_11.6.0.202112161359/tools/bin/../lib/gcc/arm-none-eabi/10.3.1/../../../../arm-none-eabi/lib/thumb/v8-m.main+fp/hard\libcr_c.a(fseek.o)
                0x00003470                fseek
 .text.ftell    0x0000356c       0x44 c:/nxp/mcuxpressoide_11.6.0_8187/ide/plugins/com.nxp.mcuxpresso.tools.win32_11.6.0.202112161359/tools/bin/../lib/gcc/arm-none-eabi/10.3.1/../../../../arm-none-eabi/lib/thumb/v8-m.main+fp/hard\libcr_c.a(ftell.o)
                0x0000356c                ftell
 .text.__aeabi_dmul
                0x000035b0       0xfc c:/nxp/mcuxpressoide_11.6.0_8187/ide/plugins/com.nxp.mcuxpresso.tools.win32_11.6.0.202112161359/tools/bin/../lib/gcc/arm-none-eabi/10.3.1/thumb/v8-m.main+fp/hard\libcr_eabihelpers.a(double.o)
                0x000035b0                __aeabi_dmul
 .text.__aeabi_ddiv
                0x000036ac      0x13c c:/nxp/mcuxpressoide_11.6.0_8187/ide/plugins/com.nxp.mcuxpresso.tools.win32_11.6.0.202112161359/tools/bin/../lib/gcc/arm-none-eabi/10.3.1/thumb/v8-m.main+fp/hard\libcr_eabihelpers.a(double.o)
                0x000036ac                __aeabi_ddiv
 .text.DbgConsole_PrintCallback
                0x000037e8       0x66 ./utilities/fsl_debug_console.o
 .text.DbgConsole_Printf
                0x0000384e       0x2c ./utilities/fsl_debug_console.o
                0x0000384e                DbgConsole_Printf
 .text.PrintGetWidth
                0x0000387a       0x6a ./utilities/fsl_str.o
 .text.PrintGetPrecision
                0x000038e4       0x8c ./utilities/fsl_str.o
 .text.PrintIsobpu
                0x00003970       0x38 ./utilities/fsl_str.o
 .text.PrintIsdi
                0x000039a8       0x2c ./utilities/fsl_str.o
 .text.PrintOutputdifFobpu
                0x000039d4       0x44 ./utilities/fsl_str.o
 .text.PrintOutputxX
                0x00003a18       0x44 ./utilities/fsl_str.o
 .text.PrintIsfF
                0x00003a5c       0x2c ./utilities/fsl_str.o
 .text.PrintIsxX
                0x00003a88       0x2c ./utilities/fsl_str.o
 .text.PrintFilterLengthFlag
                0x00003ab4       0x3e ./utilities/fsl_str.o
 .text.PrintGetRadixFromobpu
                0x00003af2       0x40 ./utilities/fsl_str.o
 .text.ConvertRadixNumToString
                0x00003b32       0xc2 ./utilities/fsl_str.o
 .text.StrFormatPrintf
                0x00003bf4      0x2ac ./utilities/fsl_str.o
                0x00003bf4                StrFormatPrintf
 .text.WDT_BOD_IRQHandler
                0x00003ea0        0x8 ./startup/startup_lpc5526.o
                0x00003ea0                WDT_BOD_IRQHandler
 .text.DMA0_IRQHandler
                0x00003ea8        0x8 ./startup/startup_lpc5526.o
                0x00003ea8                DMA0_IRQHandler
 .text.GINT0_IRQHandler
                0x00003eb0        0x8 ./startup/startup_lpc5526.o
                0x00003eb0                GINT0_IRQHandler
 .text.GINT1_IRQHandler
                0x00003eb8        0x8 ./startup/startup_lpc5526.o
                0x00003eb8                GINT1_IRQHandler
 .text.PIN_INT0_IRQHandler
                0x00003ec0        0x8 ./startup/startup_lpc5526.o
                0x00003ec0                PIN_INT0_IRQHandler
 .text.PIN_INT1_IRQHandler
                0x00003ec8        0x8 ./startup/startup_lpc5526.o
                0x00003ec8                PIN_INT1_IRQHandler
 .text.PIN_INT2_IRQHandler
                0x00003ed0        0x8 ./startup/startup_lpc5526.o
                0x00003ed0                PIN_INT2_IRQHandler
 .text.PIN_INT3_IRQHandler
                0x00003ed8        0x8 ./startup/startup_lpc5526.o
                0x00003ed8                PIN_INT3_IRQHandler
 .text.UTICK0_IRQHandler
                0x00003ee0        0x8 ./startup/startup_lpc5526.o
                0x00003ee0                UTICK0_IRQHandler
 .text.MRT0_IRQHandler
                0x00003ee8        0x8 ./startup/startup_lpc5526.o
                0x00003ee8                MRT0_IRQHandler
 .text.CTIMER0_IRQHandler
                0x00003ef0        0x8 ./startup/startup_lpc5526.o
                0x00003ef0                CTIMER0_IRQHandler
 .text.CTIMER1_IRQHandler
                0x00003ef8        0x8 ./startup/startup_lpc5526.o
                0x00003ef8                CTIMER1_IRQHandler
 .text.SCT0_IRQHandler
                0x00003f00        0x8 ./startup/startup_lpc5526.o
                0x00003f00                SCT0_IRQHandler
 .text.CTIMER3_IRQHandler
                0x00003f08        0x8 ./startup/startup_lpc5526.o
                0x00003f08                CTIMER3_IRQHandler
 .text.FLEXCOMM0_IRQHandler
                0x00003f10        0x8 ./startup/startup_lpc5526.o
                0x00003f10                FLEXCOMM0_IRQHandler
 .text.FLEXCOMM1_IRQHandler
                0x00003f18        0x8 ./startup/startup_lpc5526.o
                0x00003f18                FLEXCOMM1_IRQHandler
 .text.FLEXCOMM2_IRQHandler
                0x00003f20        0x8 ./startup/startup_lpc5526.o
                0x00003f20                FLEXCOMM2_IRQHandler
 .text.FLEXCOMM3_IRQHandler
                0x00003f28        0x8 ./startup/startup_lpc5526.o
                0x00003f28                FLEXCOMM3_IRQHandler
 .text.FLEXCOMM4_IRQHandler
                0x00003f30        0x8 ./startup/startup_lpc5526.o
                0x00003f30                FLEXCOMM4_IRQHandler
 .text.FLEXCOMM5_IRQHandler
                0x00003f38        0x8 ./startup/startup_lpc5526.o
                0x00003f38                FLEXCOMM5_IRQHandler
 .text.FLEXCOMM6_IRQHandler
                0x00003f40        0x8 ./startup/startup_lpc5526.o
                0x00003f40                FLEXCOMM6_IRQHandler
 .text.FLEXCOMM7_IRQHandler
                0x00003f48        0x8 ./startup/startup_lpc5526.o
                0x00003f48                FLEXCOMM7_IRQHandler
 .text.ADC0_IRQHandler
                0x00003f50        0x8 ./startup/startup_lpc5526.o
                0x00003f50                ADC0_IRQHandler
 .text.Reserved39_IRQHandler
                0x00003f58        0x8 ./startup/startup_lpc5526.o
                0x00003f58                Reserved39_IRQHandler
 .text.ACMP_IRQHandler
                0x00003f60        0x8 ./startup/startup_lpc5526.o
                0x00003f60                ACMP_IRQHandler
 .text.Reserved41_IRQHandler
                0x00003f68        0x8 ./startup/startup_lpc5526.o
                0x00003f68                Reserved41_IRQHandler
 .text.Reserved42_IRQHandler
                0x00003f70        0x8 ./startup/startup_lpc5526.o
                0x00003f70                Reserved42_IRQHandler
 .text.USB0_NEEDCLK_IRQHandler
                0x00003f78        0x8 ./startup/startup_lpc5526.o
                0x00003f78                USB0_NEEDCLK_IRQHandler
 .text.USB0_IRQHandler
                0x00003f80        0x8 ./startup/startup_lpc5526.o
                0x00003f80                USB0_IRQHandler
 .text.RTC_IRQHandler
                0x00003f88        0x8 ./startup/startup_lpc5526.o
                0x00003f88                RTC_IRQHandler
 .text.Reserved46_IRQHandler
                0x00003f90        0x8 ./startup/startup_lpc5526.o
                0x00003f90                Reserved46_IRQHandler
 .text.Reserved47_IRQHandler
                0x00003f98        0x8 ./startup/startup_lpc5526.o
                0x00003f98                Reserved47_IRQHandler
 .text.PIN_INT4_IRQHandler
                0x00003fa0        0x8 ./startup/startup_lpc5526.o
                0x00003fa0                PIN_INT4_IRQHandler
 .text.PIN_INT5_IRQHandler
                0x00003fa8        0x8 ./startup/startup_lpc5526.o
                0x00003fa8                PIN_INT5_IRQHandler
 .text.PIN_INT6_IRQHandler
                0x00003fb0        0x8 ./startup/startup_lpc5526.o
                0x00003fb0                PIN_INT6_IRQHandler
 .text.PIN_INT7_IRQHandler
                0x00003fb8        0x8 ./startup/startup_lpc5526.o
                0x00003fb8                PIN_INT7_IRQHandler
 .text.CTIMER2_IRQHandler
                0x00003fc0        0x8 ./startup/startup_lpc5526.o
                0x00003fc0                CTIMER2_IRQHandler
 .text.CTIMER4_IRQHandler
                0x00003fc8        0x8 ./startup/startup_lpc5526.o
                0x00003fc8                CTIMER4_IRQHandler
 .text.OS_EVENT_IRQHandler
                0x00003fd0        0x8 ./startup/startup_lpc5526.o
                0x00003fd0                OS_EVENT_IRQHandler
 .text.Reserved55_IRQHandler
                0x00003fd8        0x8 ./startup/startup_lpc5526.o
                0x00003fd8                Reserved55_IRQHandler
 .text.Reserved56_IRQHandler
                0x00003fe0        0x8 ./startup/startup_lpc5526.o
                0x00003fe0                Reserved56_IRQHandler
 .text.Reserved57_IRQHandler
                0x00003fe8        0x8 ./startup/startup_lpc5526.o
                0x00003fe8                Reserved57_IRQHandler
 .text.SDIO_IRQHandler
                0x00003ff0        0x8 ./startup/startup_lpc5526.o
                0x00003ff0                SDIO_IRQHandler
 .text.Reserved59_IRQHandler
                0x00003ff8        0x8 ./startup/startup_lpc5526.o
                0x00003ff8                Reserved59_IRQHandler
 .text.Reserved60_IRQHandler
                0x00004000        0x8 ./startup/startup_lpc5526.o
                0x00004000                Reserved60_IRQHandler
 .text.Reserved61_IRQHandler
                0x00004008        0x8 ./startup/startup_lpc5526.o
                0x00004008                Reserved61_IRQHandler
 .text.USB1_PHY_IRQHandler
                0x00004010        0x8 ./startup/startup_lpc5526.o
                0x00004010                USB1_PHY_IRQHandler
 .text.USB1_IRQHandler
                0x00004018        0x8 ./startup/startup_lpc5526.o
                0x00004018                USB1_IRQHandler
 .text.USB1_NEEDCLK_IRQHandler
                0x00004020        0x8 ./startup/startup_lpc5526.o
                0x00004020                USB1_NEEDCLK_IRQHandler
 .text.SEC_HYPERVISOR_CALL_IRQHandler
                0x00004028        0x8 ./startup/startup_lpc5526.o
                0x00004028                SEC_HYPERVISOR_CALL_IRQHandler
 .text.SEC_GPIO_INT0_IRQ0_IRQHandler
                0x00004030        0x8 ./startup/startup_lpc5526.o
                0x00004030                SEC_GPIO_INT0_IRQ0_IRQHandler
 .text.SEC_GPIO_INT0_IRQ1_IRQHandler
                0x00004038        0x8 ./startup/startup_lpc5526.o
                0x00004038                SEC_GPIO_INT0_IRQ1_IRQHandler
 .text.PLU_IRQHandler
                0x00004040        0x8 ./startup/startup_lpc5526.o
                0x00004040                PLU_IRQHandler
 .text.SEC_VIO_IRQHandler
                0x00004048        0x8 ./startup/startup_lpc5526.o
                0x00004048                SEC_VIO_IRQHandler
 .text.Reserved70_IRQHandler
                0x00004050        0x8 ./startup/startup_lpc5526.o
                0x00004050                Reserved70_IRQHandler
 .text.CASER_IRQHandler
                0x00004058        0x8 ./startup/startup_lpc5526.o
                0x00004058                CASER_IRQHandler
 .text.Reserved72_IRQHandler
                0x00004060        0x8 ./startup/startup_lpc5526.o
                0x00004060                Reserved72_IRQHandler
 .text.PQ_IRQHandler
                0x00004068        0x8 ./startup/startup_lpc5526.o
                0x00004068                PQ_IRQHandler
 .text.DMA1_IRQHandler
                0x00004070        0x8 ./startup/startup_lpc5526.o
                0x00004070                DMA1_IRQHandler
 .text.FLEXCOMM8_IRQHandler
                0x00004078        0x8 ./startup/startup_lpc5526.o
                0x00004078                FLEXCOMM8_IRQHandler
 .text.GPIO_PortSet
                0x00004080       0x26 ./source/LPC5526_PM.o
 .text.GPIO_PortClear
                0x000040a6       0x26 ./source/LPC5526_PM.o
 .text.HardFault_Handler
                0x000040cc       0x2c ./source/semihost_hardfault.o
                0x000040cc                HardFault_Handler
 .text.CLOCK_IsPLL0Locked
                0x000040f8       0x24 ./drivers/fsl_clock.o
 .text.findPll0PreDiv
                0x0000411c       0x3e ./drivers/fsl_clock.o
 .text.DelayLoop
                0x0000415a       0x20 ./drivers/fsl_common_arm.o
 .text.DMA_GetVirtualStartChannel
                0x0000417a       0x40 ./drivers/fsl_dma.o
 .text.CLOCK_EnableClock
                0x000041ba       0x30 ./drivers/fsl_flexcomm.o
 .text.FLEXCOMM_PeripheralIsPresent
                0x000041ea       0x64 ./drivers/fsl_flexcomm.o
 .text.FLEXCOMM_SetPeriph
                0x0000424e       0x74 ./drivers/fsl_flexcomm.o
 .text.CLOCK_EnableClock
                0x000042c2       0x30 ./drivers/fsl_gpio.o
 .text.GPIO_PinInit
                0x000042f2       0xa4 ./drivers/fsl_gpio.o
                0x000042f2                GPIO_PinInit
 .text.lowpower_set_voltage_for_process
                0x00004396       0xaa ./drivers/fsl_power.o
 .text.RESET_PeripheralReset
                0x00004440       0x1c ./drivers/fsl_reset.o
                0x00004440                RESET_PeripheralReset
 .text.EnableIRQ
                0x0000445c       0x32 ./drivers/fsl_spi.o
 .text.SPI_Enable
                0x0000448e       0x40 ./drivers/fsl_spi.o
 .text.SPI_SlaveTransferHandleIRQ
                0x000044ce       0x1a ./drivers/fsl_spi.o
 .text.CLOCK_EnableClock
                0x000044e8       0x30 ./drivers/fsl_spi_cmsis.o
 .text.SPI_SlaveTransferCreateHandle
                0x00004518       0x24 ./drivers/fsl_spi_cmsis.o
 .text.SPI_SlaveTransferNonBlocking
                0x0000453c       0x20 ./drivers/fsl_spi_cmsis.o
 .text.SPI_SlaveTransferAbort
                0x0000455c       0x1a ./drivers/fsl_spi_cmsis.o
 .text.SPIx_GetCapabilities
                0x00004576       0x14 ./drivers/fsl_spi_cmsis.o
 .text.KSDK_SPI_MasterInterruptCallback
                0x0000458a       0x48 ./drivers/fsl_spi_cmsis.o
 .text.KSDK_SPI_SlaveInterruptCallback
                0x000045d2       0x48 ./drivers/fsl_spi_cmsis.o
 .text.SPI_InterruptInitialize
                0x0000461a       0x30 ./drivers/fsl_spi_cmsis.o
 .text.SPI_InterruptUninitialize
                0x0000464a       0x1c ./drivers/fsl_spi_cmsis.o
 .text.SPI_InterruptSend
                0x00004666       0xe2 ./drivers/fsl_spi_cmsis.o
 .text.SPI_InterruptReceive
                0x00004748       0xe2 ./drivers/fsl_spi_cmsis.o
 .text.SPI_InterruptTransfer
                0x0000482a       0xe4 ./drivers/fsl_spi_cmsis.o
 .text.SPI_InterruptGetCount
                0x0000490e       0x6c ./drivers/fsl_spi_cmsis.o
 .text.SPI_InterruptGetStatus
                0x0000497a       0xb8 ./drivers/fsl_spi_cmsis.o
 .text.findPll0PreDiv
                0x00004a32       0x3e ./device/system_LPC5526.o
 .text.findPll0PostDiv
                0x00004a70       0x62 ./device/system_LPC5526.o
 .text.findPll1PreDiv
                0x00004ad2       0x3e ./device/system_LPC5526.o
 .text.findPll1PostDiv
                0x00004b10       0x62 ./device/system_LPC5526.o
 .text.findPll1MMult
                0x00004b72       0x2e ./device/system_LPC5526.o
 .text.SystemInitHook
                0x00004ba0        0xe ./device/system_LPC5526.o
                0x00004ba0                SystemInitHook
 .text.SerialManager_StartWriting
                0x00004bae       0x38 ./component/serial_manager/fsl_component_serial_manager.o
 .text.SerialManager_Write
                0x00004be6       0x44 ./component/serial_manager/fsl_component_serial_manager.o
 .text.SerialManager_WriteBlocking
                0x00004c2a       0x20 ./component/serial_manager/fsl_component_serial_manager.o
                0x00004c2a                SerialManager_WriteBlocking
 .text.Serial_UartWrite
                0x00004c4a       0x38 ./component/serial_manager/fsl_component_serial_port_uart.o
                0x00004c4a                Serial_UartWrite
 .text.BOARD_InitDebugConsole
                0x00004c82        0xe ./board/board.o
                0x00004c82                BOARD_InitDebugConsole
 .text.BOARD_InitBootClocks
                0x00004c90        0xc ./board/clock_config.o
                0x00004c90                BOARD_InitBootClocks
 .text.SPI0_SignalEvent
                0x00004c9c       0x14 ./board/peripherals.o
                0x00004c9c                SPI0_SignalEvent
 .text.BOARD_InitPeripherals
                0x00004cb0        0xc ./board/peripherals.o
                0x00004cb0                BOARD_InitPeripherals
 .text.BOARD_InitBootPeripherals
                0x00004cbc        0xc ./board/peripherals.o
                0x00004cbc                BOARD_InitBootPeripherals
 .text.CLOCK_EnableClock
                0x00004cc8       0x30 ./board/pin_mux.o
 .text.BOARD_InitBootPins
                0x00004cf8        0xc ./board/pin_mux.o
                0x00004cf8                BOARD_InitBootPins
 .text.__main   0x00004d04        0xe c:/nxp/mcuxpressoide_11.6.0_8187/ide/plugins/com.nxp.mcuxpresso.tools.win32_11.6.0.202112161359/tools/bin/../lib/gcc/arm-none-eabi/10.3.1/../../../../arm-none-eabi/lib/thumb/v8-m.main+fp/hard\libcr_nohost_nf.a(_cr__main.o)
                0x00004d04                __main
 .text.memcpy   0x00004d12        0x4 c:/nxp/mcuxpressoide_11.6.0_8187/ide/plugins/com.nxp.mcuxpresso.tools.win32_11.6.0.202112161359/tools/bin/../lib/gcc/arm-none-eabi/10.3.1/../../../../arm-none-eabi/lib/thumb/v8-m.main+fp/hard\libcr_c.a(memcpy.o)
                0x00004d12                memcpy
 .text.memset   0x00004d16        0x4 c:/nxp/mcuxpressoide_11.6.0_8187/ide/plugins/com.nxp.mcuxpresso.tools.win32_11.6.0.202112161359/tools/bin/../lib/gcc/arm-none-eabi/10.3.1/../../../../arm-none-eabi/lib/thumb/v8-m.main+fp/hard\libcr_c.a(memset.o)
                0x00004d16                memset
 .text.free     0x00004d1a       0x30 c:/nxp/mcuxpressoide_11.6.0_8187/ide/plugins/com.nxp.mcuxpresso.tools.win32_11.6.0.202112161359/tools/bin/../lib/gcc/arm-none-eabi/10.3.1/../../../../arm-none-eabi/lib/thumb/v8-m.main+fp/hard\libcr_c.a(alloc.o)
                0x00004d1a                free
 .text.setvbuf  0x00004d4a       0x3e c:/nxp/mcuxpressoide_11.6.0_8187/ide/plugins/com.nxp.mcuxpresso.tools.win32_11.6.0.202112161359/tools/bin/../lib/gcc/arm-none-eabi/10.3.1/../../../../arm-none-eabi/lib/thumb/v8-m.main+fp/hard\libcr_c.a(setvbuf.o)
                0x00004d4a                setvbuf
 .text.strlen   0x00004d88       0x48 c:/nxp/mcuxpressoide_11.6.0_8187/ide/plugins/com.nxp.mcuxpresso.tools.win32_11.6.0.202112161359/tools/bin/../lib/gcc/arm-none-eabi/10.3.1/../../../../arm-none-eabi/lib/thumb/v8-m.main+fp/hard\libcr_c.a(strlen.o)
                0x00004d88                strlen
 .text._deferredlazyseek
                0x00004dd0       0x40 c:/nxp/mcuxpressoide_11.6.0_8187/ide/plugins/com.nxp.mcuxpresso.tools.win32_11.6.0.202112161359/tools/bin/../lib/gcc/arm-none-eabi/10.3.1/../../../../arm-none-eabi/lib/thumb/v8-m.main+fp/hard\libcr_c.a(_deferredlazyseek.o)
                0x00004dd0                _deferredlazyseek
 .text._fdopen  0x00004e10       0x68 c:/nxp/mcuxpressoide_11.6.0_8187/ide/plugins/com.nxp.mcuxpresso.tools.win32_11.6.0.202112161359/tools/bin/../lib/gcc/arm-none-eabi/10.3.1/../../../../arm-none-eabi/lib/thumb/v8-m.main+fp/hard\libcr_c.a(_fdopen.o)
                0x00004e10                _fdopen
 .text._fflush  0x00004e78       0x52 c:/nxp/mcuxpressoide_11.6.0_8187/ide/plugins/com.nxp.mcuxpresso.tools.win32_11.6.0.202112161359/tools/bin/../lib/gcc/arm-none-eabi/10.3.1/../../../../arm-none-eabi/lib/thumb/v8-m.main+fp/hard\libcr_c.a(_fflush.o)
                0x00004e78                _fflush
 .text.fclose   0x00004eca       0x58 c:/nxp/mcuxpressoide_11.6.0_8187/ide/plugins/com.nxp.mcuxpresso.tools.win32_11.6.0.202112161359/tools/bin/../lib/gcc/arm-none-eabi/10.3.1/../../../../arm-none-eabi/lib/thumb/v8-m.main+fp/hard\libcr_c.a(fclose.o)
                0x00004eca                fclose
 .text.remove   0x00004f22       0x14 c:/nxp/mcuxpressoide_11.6.0_8187/ide/plugins/com.nxp.mcuxpresso.tools.win32_11.6.0.202112161359/tools/bin/../lib/gcc/arm-none-eabi/10.3.1/../../../../arm-none-eabi/lib/thumb/v8-m.main+fp/hard\libcr_c.a(remove.o)
                0x00004f22                remove
 .text._do_fflush
                0x00004f36       0x40 c:/nxp/mcuxpressoide_11.6.0_8187/ide/plugins/com.nxp.mcuxpresso.tools.win32_11.6.0.202112161359/tools/bin/../lib/gcc/arm-none-eabi/10.3.1/../../../../arm-none-eabi/lib/thumb/v8-m.main+fp/hard\libcr_c.a(_do_fflush.o)
                0x00004f36                _do_fflush
 .text.__aeabi_division_uldivmod
                0x00004f76      0x174 c:/nxp/mcuxpressoide_11.6.0_8187/ide/plugins/com.nxp.mcuxpresso.tools.win32_11.6.0.202112161359/tools/bin/../lib/gcc/arm-none-eabi/10.3.1/thumb/v8-m.main+fp/hard\libcr_eabihelpers.a(division_64.o)
                0x00004f76                __aeabi_uldivmod
                0x00004f7a                __bhs_ldivmod1
 .text.__aeabi_division_idiv0
                0x000050ea        0x2 c:/nxp/mcuxpressoide_11.6.0_8187/ide/plugins/com.nxp.mcuxpresso.tools.win32_11.6.0.202112161359/tools/bin/../lib/gcc/arm-none-eabi/10.3.1/thumb/v8-m.main+fp/hard\libcr_eabihelpers.a(division_idiv0.o)
                0x000050ea                __aeabi_idiv0
 .text.__aeabi_d2iz
                0x000050ec       0x40 c:/nxp/mcuxpressoide_11.6.0_8187/ide/plugins/com.nxp.mcuxpresso.tools.win32_11.6.0.202112161359/tools/bin/../lib/gcc/arm-none-eabi/10.3.1/thumb/v8-m.main+fp/hard\libcr_eabihelpers.a(double.o)
                0x000050ec                __aeabi_d2iz
 .text.__aeabi_f2ulz
                0x0000512c       0x3e c:/nxp/mcuxpressoide_11.6.0_8187/ide/plugins/com.nxp.mcuxpresso.tools.win32_11.6.0.202112161359/tools/bin/../lib/gcc/arm-none-eabi/10.3.1/thumb/v8-m.main+fp/hard\libcr_eabihelpers.a(float.o)
                0x0000512c                __aeabi_f2ulz
 .text.__aeabi_memcpy
                0x0000516a       0x34 c:/nxp/mcuxpressoide_11.6.0_8187/ide/plugins/com.nxp.mcuxpresso.tools.win32_11.6.0.202112161359/tools/bin/../lib/gcc/arm-none-eabi/10.3.1/thumb/v8-m.main+fp/hard\libcr_eabihelpers.a(memcpy.o)
                0x0000516a                __aeabi_memcpy
                0x00005174                __aeabi_memcpy8
                0x00005174                __aeabi_memcpy4
 .text.__aeabi_memset_lowlevel
                0x0000519e       0x32 c:/nxp/mcuxpressoide_11.6.0_8187/ide/plugins/com.nxp.mcuxpresso.tools.win32_11.6.0.202112161359/tools/bin/../lib/gcc/arm-none-eabi/10.3.1/thumb/v8-m.main+fp/hard\libcr_eabihelpers.a(memcpy.o)
                0x0000519e                __aeabi_lowlevel_memset
 .text.__sys_close
                0x000051d0        0x6 c:/nxp/mcuxpressoide_11.6.0_8187/ide/plugins/com.nxp.mcuxpresso.tools.win32_11.6.0.202112161359/tools/bin/../lib/gcc/arm-none-eabi/10.3.1/../../../../arm-none-eabi/lib/thumb/v8-m.main+fp/hard\libcr_nohost_nf.a(__sys_close.o)
                0x000051d0                __sys_close
 .text.__sys_flen
                0x000051d6        0x6 c:/nxp/mcuxpressoide_11.6.0_8187/ide/plugins/com.nxp.mcuxpresso.tools.win32_11.6.0.202112161359/tools/bin/../lib/gcc/arm-none-eabi/10.3.1/../../../../arm-none-eabi/lib/thumb/v8-m.main+fp/hard\libcr_nohost_nf.a(__sys_flen.o)
                0x000051d6                __sys_flen
 .text.__sys_istty
                0x000051dc        0x6 c:/nxp/mcuxpressoide_11.6.0_8187/ide/plugins/com.nxp.mcuxpresso.tools.win32_11.6.0.202112161359/tools/bin/../lib/gcc/arm-none-eabi/10.3.1/../../../../arm-none-eabi/lib/thumb/v8-m.main+fp/hard\libcr_nohost_nf.a(__sys_istty.o)
                0x000051dc                __sys_istty
 .text.__sys_remove
                0x000051e2        0x6 c:/nxp/mcuxpressoide_11.6.0_8187/ide/plugins/com.nxp.mcuxpresso.tools.win32_11.6.0.202112161359/tools/bin/../lib/gcc/arm-none-eabi/10.3.1/../../../../arm-none-eabi/lib/thumb/v8-m.main+fp/hard\libcr_nohost_nf.a(__sys_remove.o)
                0x000051e2                __sys_remove
 .text.__sys_seek
                0x000051e8        0x6 c:/nxp/mcuxpressoide_11.6.0_8187/ide/plugins/com.nxp.mcuxpresso.tools.win32_11.6.0.202112161359/tools/bin/../lib/gcc/arm-none-eabi/10.3.1/../../../../arm-none-eabi/lib/thumb/v8-m.main+fp/hard\libcr_nohost_nf.a(__sys_seek.o)
                0x000051e8                __sys_seek
 .text.__sys_tmpnam
                0x000051ee        0x6 c:/nxp/mcuxpressoide_11.6.0_8187/ide/plugins/com.nxp.mcuxpresso.tools.win32_11.6.0.202112161359/tools/bin/../lib/gcc/arm-none-eabi/10.3.1/../../../../arm-none-eabi/lib/thumb/v8-m.main+fp/hard\libcr_nohost_nf.a(__sys_tmpnam.o)
                0x000051ee                __sys_tmpnam
 .text.__sys_write
                0x000051f4        0x4 c:/nxp/mcuxpressoide_11.6.0_8187/ide/plugins/com.nxp.mcuxpresso.tools.win32_11.6.0.202112161359/tools/bin/../lib/gcc/arm-none-eabi/10.3.1/../../../../arm-none-eabi/lib/thumb/v8-m.main+fp/hard\libcr_nohost_nf.a(__sys_write.o)
                0x000051f4                __sys_write
 *(SORT_BY_ALIGNMENT(.rodata) SORT_BY_ALIGNMENT(.rodata.*) SORT_BY_ALIGNMENT(.constdata) SORT_BY_ALIGNMENT(.constdata.*))
 .rodata.__assertion_failed.str1.4
                0x000051f8       0x14 ./utilities/fsl_assert.o
 .rodata.configOutput.0
                0x0000520c        0x2 ./source/LPC5526_PM.o
 *fill*         0x0000520e        0x2 ff
 .rodata.SDK_DelayAtLeastUs.str1.4
                0x00005210       0x2b ./drivers/fsl_common_arm.o
 *fill*         0x0000523b        0x1 ff
 .rodata.s_dmaBases
                0x0000523c        0x8 ./drivers/fsl_dma.o
 .rodata.DMA_GetInstance.str1.4
                0x00005244       0x32 ./drivers/fsl_dma.o
 *fill*         0x00005276        0x2 ff
 .rodata.s_flexcommBaseAddrs
                0x00005278       0x24 ./drivers/fsl_flexcomm.o
 .rodata.s_flexcommClocks
                0x0000529c       0x12 ./drivers/fsl_flexcomm.o
 *fill*         0x000052ae        0x2 ff
 .rodata.s_flexcommResets
                0x000052b0       0x24 ./drivers/fsl_flexcomm.o
 .rodata.FLEXCOMM_GetInstance.str1.4
                0x000052d4       0x42 ./drivers/fsl_flexcomm.o
 *fill*         0x00005316        0x2 ff
 .rodata.FLEXCOMM0_DriverIRQHandler.str1.4
                0x00005318       0x3c ./drivers/fsl_flexcomm.o
 .rodata.FLEXCOMM1_DriverIRQHandler.str1.4
                0x00005354       0x3c ./drivers/fsl_flexcomm.o
 .rodata.FLEXCOMM2_DriverIRQHandler.str1.4
                0x00005390       0x3c ./drivers/fsl_flexcomm.o
 .rodata.FLEXCOMM3_DriverIRQHandler.str1.4
                0x000053cc       0x3c ./drivers/fsl_flexcomm.o
 .rodata.FLEXCOMM4_DriverIRQHandler.str1.4
                0x00005408       0x3c ./drivers/fsl_flexcomm.o
 .rodata.FLEXCOMM5_DriverIRQHandler.str1.4
                0x00005444       0x3c ./drivers/fsl_flexcomm.o
 .rodata.FLEXCOMM6_DriverIRQHandler.str1.4
                0x00005480       0x3c ./drivers/fsl_flexcomm.o
 .rodata.FLEXCOMM7_DriverIRQHandler.str1.4
                0x000054bc       0x3c ./drivers/fsl_flexcomm.o
 .rodata.FLEXCOMM8_DriverIRQHandler.str1.4
                0x000054f8       0x3c ./drivers/fsl_flexcomm.o
 .rodata.s_gpioClockName
                0x00005534        0x8 ./drivers/fsl_gpio.o
 .rodata.s_gpioResets
                0x0000553c       0x18 ./drivers/fsl_gpio.o
 .rodata.GPIO_EnablePortClock.str1.4
                0x00005554       0x33 ./drivers/fsl_gpio.o
 *fill*         0x00005587        0x1 ff
 .rodata.RESET_SetPeripheralReset.str1.4
                0x00005588       0x1e ./drivers/fsl_reset.o
 *fill*         0x000055a6        0x2 ff
 .rodata.RESET_ClearPeripheralReset.str1.4
                0x000055a8       0x1e ./drivers/fsl_reset.o
 *fill*         0x000055c6        0x2 ff
 .rodata.SPI_SetTransferDelay.str1.4
                0x000055c8       0x3f ./drivers/fsl_spi.o
 *fill*         0x00005607        0x1 ff
 .rodata.s_spiBaseAddrs
                0x00005608       0x24 ./drivers/fsl_spi.o
 .rodata.s_spiIRQ
                0x0000562c        0x9 ./drivers/fsl_spi.o
 *fill*         0x00005635        0x3 ff
 .rodata.SPI_GetInstance.str1.4
                0x00005638       0x37 ./drivers/fsl_spi.o
 *fill*         0x0000566f        0x1 ff
 .rodata.SPI_MasterGetDefaultConfig.str1.4
                0x00005670       0x1f ./drivers/fsl_spi.o
 *fill*         0x0000568f        0x1 ff
 .rodata.SPI_MasterInit.str1.4
                0x00005690       0x4d ./drivers/fsl_spi.o
 *fill*         0x000056dd        0x3 ff
 .rodata.SPI_SlaveGetDefaultConfig.str1.4
                0x000056e0       0x1f ./drivers/fsl_spi.o
 *fill*         0x000056ff        0x1 ff
 .rodata.SPI_SlaveInit.str1.4
                0x00005700       0x36 ./drivers/fsl_spi.o
 *fill*         0x00005736        0x2 ff
 .rodata.SPI_Deinit.str1.4
                0x00005738       0x1d ./drivers/fsl_spi.o
 *fill*         0x00005755        0x3 ff
 .rodata.SPI_MasterSetBaud.str1.4
                0x00005758       0x51 ./drivers/fsl_spi.o
 *fill*         0x000057a9        0x3 ff
 .rodata.SPI_MasterTransferCreateHandle.str1.4
                0x000057ac       0x3f ./drivers/fsl_spi.o
 *fill*         0x000057eb        0x1 ff
 .rodata.SPI_MasterTransferNonBlocking.str1.4
                0x000057ec       0xe4 ./drivers/fsl_spi.o
 .rodata.SPI_MasterTransferAbort.str1.4
                0x000058d0       0x1f ./drivers/fsl_spi.o
 *fill*         0x000058ef        0x1 ff
 .rodata.SPI_TransferHandleIRQInternal.str1.4
                0x000058f0       0x6d ./drivers/fsl_spi.o
 *fill*         0x0000595d        0x3 ff
 .rodata.SPI_MasterTransferHandleIRQ.str1.4
                0x00005960       0x33 ./drivers/fsl_spi.o
 *fill*         0x00005993        0x1 ff
 .rodata.s_flexcommClocks
                0x00005994       0x12 ./drivers/fsl_spi_cmsis.o
 *fill*         0x000059a6        0x2 ff
 .rodata.s_SPIDriverVersion
                0x000059a8        0x4 ./drivers/fsl_spi_cmsis.o
 .rodata.SPI0_Resource
                0x000059ac        0xc ./drivers/fsl_spi_cmsis.o
 .rodata.Driver_SPI0
                0x000059b8       0x2c ./drivers/fsl_spi_cmsis.o
                0x000059b8                Driver_SPI0
 .rodata.USART_WriteBlocking.str1.4
                0x000059e4       0x36 ./drivers/fsl_usart.o
 *fill*         0x00005a1a        0x2 ff
 .rodata.s_UsartAdapterBase
                0x00005a1c       0x20 ./component/uart/fsl_adapter_usart.o
 .rodata.HAL_UartSendBlocking.str1.4
                0x00005a3c       0x65 ./component/uart/fsl_adapter_usart.o
 *fill*         0x00005aa1        0x3 ff
 .rodata.__num_Ciob_streams
                0x00005aa4        0x4 c:/nxp/mcuxpressoide_11.6.0_8187/ide/plugins/com.nxp.mcuxpresso.tools.win32_11.6.0.202112161359/tools/bin/../lib/gcc/arm-none-eabi/10.3.1/../../../../arm-none-eabi/lib/thumb/v8-m.main+fp/hard\libcr_nohost_nf.a(__ciob.o)
                0x00005aa4                __num_Ciob_streams
 .rodata._initio.str1.1
                0x00005aa8        0x4 c:/nxp/mcuxpressoide_11.6.0_8187/ide/plugins/com.nxp.mcuxpresso.tools.win32_11.6.0.202112161359/tools/bin/../lib/gcc/arm-none-eabi/10.3.1/../../../../arm-none-eabi/lib/thumb/v8-m.main+fp/hard\libcr_c.a(initio.o)
                0x00005aac                . = ALIGN (0x4)
                0x00005aac                _etext = .

.glue_7         0x00005aac        0x0
 .glue_7        0x00005aac        0x0 linker stubs

.glue_7t        0x00005aac        0x0
 .glue_7t       0x00005aac        0x0 linker stubs

.vfp11_veneer   0x00005aac        0x0
 .vfp11_veneer  0x00005aac        0x0 linker stubs

.v4_bx          0x00005aac        0x0
 .v4_bx         0x00005aac        0x0 linker stubs

.iplt           0x00005aac        0x0
 .iplt          0x00005aac        0x0 ./utilities/fsl_assert.o

.rel.dyn        0x00005aac        0x0
 .rel.iplt      0x00005aac        0x0 ./utilities/fsl_assert.o

.m_usb_data
 *(SORT_BY_ALIGNMENT(m_usb_global))

.data_RAM2      0x04000000        0x0 load address 0x00005aac
 FILL mask 0xff
                [!provide]                PROVIDE (__start_data_RAM2 = .)
                [!provide]                PROVIDE (__start_data_SRAMX = .)
 *(SORT_BY_ALIGNMENT(.ramfunc.$RAM2))
 *(SORT_BY_ALIGNMENT(.ramfunc.$SRAMX))
 *(SORT_BY_ALIGNMENT(.data.$RAM2))
 *(SORT_BY_ALIGNMENT(.data.$SRAMX))
 *(SORT_BY_ALIGNMENT(.data.$RAM2.*))
 *(SORT_BY_ALIGNMENT(.data.$SRAMX.*))
                0x04000000                . = ALIGN (0x4)
                [!provide]                PROVIDE (__end_data_RAM2 = .)
                [!provide]                PROVIDE (__end_data_SRAMX = .)

.data_RAM3      0x40100000        0x0 load address 0x00005aac
 FILL mask 0xff
                [!provide]                PROVIDE (__start_data_RAM3 = .)
                [!provide]                PROVIDE (__start_data_USB_RAM = .)
 *(SORT_BY_ALIGNMENT(.ramfunc.$RAM3))
 *(SORT_BY_ALIGNMENT(.ramfunc.$USB_RAM))
 *(SORT_BY_ALIGNMENT(.data.$RAM3))
 *(SORT_BY_ALIGNMENT(.data.$USB_RAM))
 *(SORT_BY_ALIGNMENT(.data.$RAM3.*))
 *(SORT_BY_ALIGNMENT(.data.$USB_RAM.*))
                0x40100000                . = ALIGN (0x4)
                [!provide]                PROVIDE (__end_data_RAM3 = .)
                [!provide]                PROVIDE (__end_data_USB_RAM = .)

.uninit_RESERVED
                0x20000000        0x0
                0x20000000                _start_uninit_RESERVED = .
 *(SORT_BY_ALIGNMENT(.bss.$RESERVED*))
                0x20000000                . = ALIGN (0x4)
                0x20000000                _end_uninit_RESERVED = .

.data           0x20000000      0x114 load address 0x00005aac
 FILL mask 0xff
                0x20000000                _data = .
                [!provide]                PROVIDE (__start_data_RAM = .)
                [!provide]                PROVIDE (__start_data_SRAM = .)
 *(SORT_BY_ALIGNMENT(vtable))
 *(SORT_BY_ALIGNMENT(.ramfunc*))
 *(SORT_BY_ALIGNMENT(CodeQuickAccess))
 *(SORT_BY_ALIGNMENT(DataQuickAccess))
 *(SORT_BY_ALIGNMENT(RamFunction))
 *(SORT_BY_ALIGNMENT(.data*))
 .data.reg_add  0x20000000       0x7c ./source/ad9102.o
                0x20000000                reg_add
 .data.AD9102_example6_regval
                0x2000007c       0x7c ./source/ad9102.o
                0x2000007c                AD9102_example6_regval
 .data.s_Ext_Clk_Freq
                0x200000f8        0x4 ./drivers/fsl_clock.o
 .data.SPI0_InterruptDriverState
                0x200000fc       0x14 ./drivers/fsl_spi_cmsis.o
 .data.SystemCoreClock
                0x20000110        0x4 ./device/system_LPC5526.o
                0x20000110                SystemCoreClock
                0x20000114                . = ALIGN (0x4)
                0x20000114                _edata = .
                [!provide]                PROVIDE (__end_data_RAM = .)
                [!provide]                PROVIDE (__end_data_SRAM = .)

.igot.plt       0x20000114        0x0 load address 0x00005bc0
 .igot.plt      0x20000114        0x0 ./utilities/fsl_assert.o

.bss_RAM2       0x04000000        0x0
                [!provide]                PROVIDE (__start_bss_RAM2 = .)
                [!provide]                PROVIDE (__start_bss_SRAMX = .)
 *(SORT_BY_ALIGNMENT(.bss.$RAM2))
 *(SORT_BY_ALIGNMENT(.bss.$SRAMX))
 *(SORT_BY_ALIGNMENT(.bss.$RAM2.*))
 *(SORT_BY_ALIGNMENT(.bss.$SRAMX.*))
                0x04000000                . = ALIGN ((. != 0x0)?0x4:0x1)
                [!provide]                PROVIDE (__end_bss_RAM2 = .)
                [!provide]                PROVIDE (__end_bss_SRAMX = .)

.bss_RAM3       0x40100000        0x0
                [!provide]                PROVIDE (__start_bss_RAM3 = .)
                [!provide]                PROVIDE (__start_bss_USB_RAM = .)
 *(SORT_BY_ALIGNMENT(.bss.$RAM3))
 *(SORT_BY_ALIGNMENT(.bss.$USB_RAM))
 *(SORT_BY_ALIGNMENT(.bss.$RAM3.*))
 *(SORT_BY_ALIGNMENT(.bss.$USB_RAM.*))
                0x40100000                . = ALIGN ((. != 0x0)?0x4:0x1)
                [!provide]                PROVIDE (__end_bss_RAM3 = .)
                [!provide]                PROVIDE (__end_bss_USB_RAM = .)

.bss            0x20000114      0x238
                0x20000114                _bss = .
                [!provide]                PROVIDE (__start_bss_RAM = .)
                [!provide]                PROVIDE (__start_bss_SRAM = .)
 *(SORT_BY_ALIGNMENT(.bss*))
 .bss.s_debugConsoleState
                0x20000114       0x20 ./utilities/fsl_debug_console.o
 .bss.g_serialHandle
                0x20000134        0x4 ./utilities/fsl_debug_console.o
                0x20000134                g_serialHandle
 .bss.g_systickCounter
                0x20000138        0x4 ./source/LPC5526_PM.o
                0x20000138                g_systickCounter
 .bss.s_Pll0_Freq
                0x2000013c        0x4 ./drivers/fsl_clock.o
 .bss.s_DMAHandle
                0x20000140       0xb8 ./drivers/fsl_dma.o
 .bss.s_flexcommIrqHandler
                0x200001f8       0x24 ./drivers/fsl_flexcomm.o
 .bss.s_flexcommHandle
                0x2000021c       0x24 ./drivers/fsl_flexcomm.o
 .bss.g_configs
                0x20000240       0x12 ./drivers/fsl_spi.o
 *fill*         0x20000252        0x2 
 .bss.s_dummyData
                0x20000254        0x9 ./drivers/fsl_spi.o
                0x20000254                s_dummyData
 *fill*         0x2000025d        0x3 
 .bss.SPI0_Handle
                0x20000260       0x30 ./drivers/fsl_spi_cmsis.o
 .bss.errno     0x20000290        0x4 c:/nxp/mcuxpressoide_11.6.0_8187/ide/plugins/com.nxp.mcuxpresso.tools.win32_11.6.0.202112161359/tools/bin/../lib/gcc/arm-none-eabi/10.3.1/../../../../arm-none-eabi/lib/thumb/v8-m.main+fp/hard\libcr_c.a(errno.o)
                0x20000290                errno
 .bss.__Ciob    0x20000294       0xb4 c:/nxp/mcuxpressoide_11.6.0_8187/ide/plugins/com.nxp.mcuxpresso.tools.win32_11.6.0.202112161359/tools/bin/../lib/gcc/arm-none-eabi/10.3.1/../../../../arm-none-eabi/lib/thumb/v8-m.main+fp/hard\libcr_nohost_nf.a(__ciob.o)
                0x20000294                __Ciob
 .bss.isTransferCompleted
                0x20000348        0x1 ./source/LPC5526_PM.o
                0x20000348                isTransferCompleted
 .bss.isMasterOnTransmit
                0x20000349        0x1 ./source/LPC5526_PM.o
                0x20000349                isMasterOnTransmit
 .bss.isMasterOnReceive
                0x2000034a        0x1 ./source/LPC5526_PM.o
                0x2000034a                isMasterOnReceive
 *(SORT_BY_ALIGNMENT(COMMON))
                0x2000034c                . = ALIGN (0x4)
 *fill*         0x2000034b        0x1 
                0x2000034c                _ebss = .
                [!provide]                PROVIDE (__end_bss_RAM = .)
                [!provide]                PROVIDE (__end_bss_SRAM = .)
                [!provide]                PROVIDE (end = .)

.noinit_RAM2    0x04000000        0x0
                [!provide]                PROVIDE (__start_noinit_RAM2 = .)
                [!provide]                PROVIDE (__start_noinit_SRAMX = .)
 *(SORT_BY_ALIGNMENT(.noinit.$RAM2))
 *(SORT_BY_ALIGNMENT(.noinit.$SRAMX))
 *(SORT_BY_ALIGNMENT(.noinit.$RAM2.*))
 *(SORT_BY_ALIGNMENT(.noinit.$SRAMX.*))
                0x04000000                . = ALIGN (0x4)
                [!provide]                PROVIDE (__end_noinit_RAM2 = .)
                [!provide]                PROVIDE (__end_noinit_SRAMX = .)

.noinit_RAM3    0x40100000        0x0
                [!provide]                PROVIDE (__start_noinit_RAM3 = .)
                [!provide]                PROVIDE (__start_noinit_USB_RAM = .)
 *(SORT_BY_ALIGNMENT(.noinit.$RAM3))
 *(SORT_BY_ALIGNMENT(.noinit.$USB_RAM))
 *(SORT_BY_ALIGNMENT(.noinit.$RAM3.*))
 *(SORT_BY_ALIGNMENT(.noinit.$USB_RAM.*))
                0x40100000                . = ALIGN (0x4)
                [!provide]                PROVIDE (__end_noinit_RAM3 = .)
                [!provide]                PROVIDE (__end_noinit_USB_RAM = .)

.noinit         0x2000034c        0x0
                0x2000034c                _noinit = .
                [!provide]                PROVIDE (__start_noinit_RAM = .)
                [!provide]                PROVIDE (__start_noinit_SRAM = .)
 *(SORT_BY_ALIGNMENT(.noinit*))
                0x2000034c                . = ALIGN (0x4)
                0x2000034c                _end_noinit = .
                [!provide]                PROVIDE (__end_noinit_RAM = .)
                [!provide]                PROVIDE (__end_noinit_SRAM = .)

.ARM.extab
 *(SORT_BY_ALIGNMENT(.ARM.extab*) SORT_BY_ALIGNMENT(.gnu.linkonce.armextab.*))

.ARM.exidx      0x00005bc0        0x0
                0x00005bc0                __exidx_start = .
 *(SORT_BY_ALIGNMENT(.ARM.exidx*) SORT_BY_ALIGNMENT(.gnu.linkonce.armexidx.*))
                0x00005bc0                __exidx_end = .
                0x00001000                _HeapSize = 0x1000

.heap           0x2000034c     0x1000
                0x2000034c                _pvHeapStart = .
                0x2000134c                . = (. + _HeapSize)
 *fill*         0x2000034c     0x1000 
                0x2000134c                . = ALIGN (0x4)
                0x2000134c                _pvHeapLimit = .
                0x00001000                _StackSize = 0x1000

.heap2stackfill
                0x2000134c     0x1000
                0x2000234c                . = (. + _StackSize)
 *fill*         0x2000134c     0x1000 

.stack          0x20017000        0x0
                0x20017000                _vStackBase = .
                0x20017000                . = ALIGN (0x4)
                0x20018000                _vStackTop = (. + _StackSize)
                [!provide]                PROVIDE (__valid_user_code_checksum = (0x0 - ((((((_vStackTop + (ResetISR + 0x1)) + (NMI_Handler + 0x1)) + (HardFault_Handler + 0x1)) + (DEFINED (MemManage_Handler)?MemManage_Handler:0x0 + 0x1)) + (DEFINED (BusFault_Handler)?BusFault_Handler:0x0 + 0x1)) + (DEFINED (UsageFault_Handler)?UsageFault_Handler:0x0 + 0x1))))
                0x00000000                _image_start = LOADADDR (.text)
                0x00005bc0                _image_end = (LOADADDR (.data) + SIZEOF (.data))
                0x00005bc0                _image_size = (_image_end - _image_start)
OUTPUT(LPC5526_PM.axf elf32-littlearm)
LOAD linker stubs

.debug_info     0x00000000    0x1c101
 .debug_info    0x00000000       0xaa ./utilities/fsl_assert.o
 .debug_info    0x000000aa      0xc92 ./utilities/fsl_debug_console.o
 .debug_info    0x00000d3c      0xafc ./utilities/fsl_str.o
 .debug_info    0x00001838      0x707 ./startup/startup_lpc5526.o
 .debug_info    0x00001f3f     0x1c82 ./source/LPC5526_PM.o
 .debug_info    0x00003bc1      0x98f ./source/ad9102.o
 .debug_info    0x00004550       0x3c ./source/semihost_hardfault.o
 .debug_info    0x0000458c     0x32f7 ./drivers/fsl_clock.o
 .debug_info    0x00007883       0xf5 ./drivers/fsl_common_arm.o
 .debug_info    0x00007978     0x2a6c ./drivers/fsl_dma.o
 .debug_info    0x0000a3e4     0x1ab7 ./drivers/fsl_flexcomm.o
 .debug_info    0x0000be9b     0x1744 ./drivers/fsl_gpio.o
 .debug_info    0x0000d5df     0x2a20 ./drivers/fsl_power.o
 .debug_info    0x0000ffff      0xe9d ./drivers/fsl_reset.o
 .debug_info    0x00010e9c     0x19af ./drivers/fsl_spi.o
 .debug_info    0x0001284b     0x24ef ./drivers/fsl_spi_cmsis.o
 .debug_info    0x00014d3a     0x17d1 ./drivers/fsl_usart.o
 .debug_info    0x0001650b     0x1478 ./device/system_LPC5526.o
 .debug_info    0x00017983      0xc65 ./component/uart/fsl_adapter_usart.o
 .debug_info    0x000185e8      0xcf2 ./component/serial_manager/fsl_component_serial_manager.o
 .debug_info    0x000192da      0x472 ./component/serial_manager/fsl_component_serial_port_uart.o
 .debug_info    0x0001974c       0x82 ./board/board.o
 .debug_info    0x000197ce     0x169b ./board/clock_config.o
 .debug_info    0x0001ae69      0x3e4 ./board/peripherals.o
 .debug_info    0x0001b24d      0xeb4 ./board/pin_mux.o

.debug_abbrev   0x00000000     0x32ed
 .debug_abbrev  0x00000000       0x66 ./utilities/fsl_assert.o
 .debug_abbrev  0x00000066      0x232 ./utilities/fsl_debug_console.o
 .debug_abbrev  0x00000298      0x24d ./utilities/fsl_str.o
 .debug_abbrev  0x000004e5      0x165 ./startup/startup_lpc5526.o
 .debug_abbrev  0x0000064a      0x30d ./source/LPC5526_PM.o
 .debug_abbrev  0x00000957      0x220 ./source/ad9102.o
 .debug_abbrev  0x00000b77       0x31 ./source/semihost_hardfault.o
 .debug_abbrev  0x00000ba8      0x374 ./drivers/fsl_clock.o
 .debug_abbrev  0x00000f1c       0x92 ./drivers/fsl_common_arm.o
 .debug_abbrev  0x00000fae      0x368 ./drivers/fsl_dma.o
 .debug_abbrev  0x00001316      0x2c0 ./drivers/fsl_flexcomm.o
 .debug_abbrev  0x000015d6      0x210 ./drivers/fsl_gpio.o
 .debug_abbrev  0x000017e6      0x335 ./drivers/fsl_power.o
 .debug_abbrev  0x00001b1b      0x15a ./drivers/fsl_reset.o
 .debug_abbrev  0x00001c75      0x307 ./drivers/fsl_spi.o
 .debug_abbrev  0x00001f7c      0x366 ./drivers/fsl_spi_cmsis.o
 .debug_abbrev  0x000022e2      0x30b ./drivers/fsl_usart.o
 .debug_abbrev  0x000025ed      0x216 ./device/system_LPC5526.o
 .debug_abbrev  0x00002803      0x1e0 ./component/uart/fsl_adapter_usart.o
 .debug_abbrev  0x000029e3      0x299 ./component/serial_manager/fsl_component_serial_manager.o
 .debug_abbrev  0x00002c7c      0x167 ./component/serial_manager/fsl_component_serial_port_uart.o
 .debug_abbrev  0x00002de3       0x47 ./board/board.o
 .debug_abbrev  0x00002e2a      0x1ea ./board/clock_config.o
 .debug_abbrev  0x00003014      0x172 ./board/peripherals.o
 .debug_abbrev  0x00003186      0x167 ./board/pin_mux.o

.debug_aranges  0x00000000      0xf90
 .debug_aranges
                0x00000000       0x20 ./utilities/fsl_assert.o
 .debug_aranges
                0x00000020       0xa8 ./utilities/fsl_debug_console.o
 .debug_aranges
                0x000000c8       0xb8 ./utilities/fsl_str.o
 .debug_aranges
                0x00000180      0x268 ./startup/startup_lpc5526.o
 .debug_aranges
                0x000003e8       0x68 ./source/LPC5526_PM.o
 .debug_aranges
                0x00000450       0x58 ./source/ad9102.o
 .debug_aranges
                0x000004a8       0x20 ./source/semihost_hardfault.o
 .debug_aranges
                0x000004c8      0x228 ./drivers/fsl_clock.o
 .debug_aranges
                0x000006f0       0x28 ./drivers/fsl_common_arm.o
 .debug_aranges
                0x00000718      0x138 ./drivers/fsl_dma.o
 .debug_aranges
                0x00000850       0x90 ./drivers/fsl_flexcomm.o
 .debug_aranges
                0x000008e0       0x38 ./drivers/fsl_gpio.o
 .debug_aranges
                0x00000918       0xc8 ./drivers/fsl_power.o
 .debug_aranges
                0x000009e0       0x30 ./drivers/fsl_reset.o
 .debug_aranges
                0x00000a10       0xe8 ./drivers/fsl_spi.o
 .debug_aranges
                0x00000af8       0xf8 ./drivers/fsl_spi_cmsis.o
 .debug_aranges
                0x00000bf0       0xf8 ./drivers/fsl_usart.o
 .debug_aranges
                0x00000ce8       0x88 ./device/system_LPC5526.o
 .debug_aranges
                0x00000d70       0x58 ./component/uart/fsl_adapter_usart.o
 .debug_aranges
                0x00000dc8       0xa0 ./component/serial_manager/fsl_component_serial_manager.o
 .debug_aranges
                0x00000e68       0x48 ./component/serial_manager/fsl_component_serial_port_uart.o
 .debug_aranges
                0x00000eb0       0x20 ./board/board.o
 .debug_aranges
                0x00000ed0       0x50 ./board/clock_config.o
 .debug_aranges
                0x00000f20       0x40 ./board/peripherals.o
 .debug_aranges
                0x00000f60       0x30 ./board/pin_mux.o

.debug_ranges   0x00000000      0xe48
 .debug_ranges  0x00000000       0x10 ./utilities/fsl_assert.o
 .debug_ranges  0x00000010       0x98 ./utilities/fsl_debug_console.o
 .debug_ranges  0x000000a8       0xd8 ./utilities/fsl_str.o
 .debug_ranges  0x00000180      0x258 ./startup/startup_lpc5526.o
 .debug_ranges  0x000003d8       0x58 ./source/LPC5526_PM.o
 .debug_ranges  0x00000430       0x48 ./source/ad9102.o
 .debug_ranges  0x00000478       0x10 ./source/semihost_hardfault.o
 .debug_ranges  0x00000488      0x218 ./drivers/fsl_clock.o
 .debug_ranges  0x000006a0       0x18 ./drivers/fsl_common_arm.o
 .debug_ranges  0x000006b8      0x128 ./drivers/fsl_dma.o
 .debug_ranges  0x000007e0       0x80 ./drivers/fsl_flexcomm.o
 .debug_ranges  0x00000860       0x28 ./drivers/fsl_gpio.o
 .debug_ranges  0x00000888       0xb8 ./drivers/fsl_power.o
 .debug_ranges  0x00000940       0x20 ./drivers/fsl_reset.o
 .debug_ranges  0x00000960       0xf0 ./drivers/fsl_spi.o
 .debug_ranges  0x00000a50       0xe8 ./drivers/fsl_spi_cmsis.o
 .debug_ranges  0x00000b38       0xe8 ./drivers/fsl_usart.o
 .debug_ranges  0x00000c20       0x78 ./device/system_LPC5526.o
 .debug_ranges  0x00000c98       0x48 ./component/uart/fsl_adapter_usart.o
 .debug_ranges  0x00000ce0       0x90 ./component/serial_manager/fsl_component_serial_manager.o
 .debug_ranges  0x00000d70       0x38 ./component/serial_manager/fsl_component_serial_port_uart.o
 .debug_ranges  0x00000da8       0x10 ./board/board.o
 .debug_ranges  0x00000db8       0x40 ./board/clock_config.o
 .debug_ranges  0x00000df8       0x30 ./board/peripherals.o
 .debug_ranges  0x00000e28       0x20 ./board/pin_mux.o

.debug_macro    0x00000000    0x16a17
 .debug_macro   0x00000000      0x17a ./utilities/fsl_assert.o
 .debug_macro   0x0000017a      0xab4 ./utilities/fsl_assert.o
 .debug_macro   0x00000c2e       0x10 ./utilities/fsl_assert.o
 .debug_macro   0x00000c3e       0x1c ./utilities/fsl_assert.o
 .debug_macro   0x00000c5a       0x22 ./utilities/fsl_assert.o
 .debug_macro   0x00000c7c      0x12e ./utilities/fsl_assert.o
 .debug_macro   0x00000daa      0x5b3 ./utilities/fsl_assert.o
 .debug_macro   0x0000135d       0x22 ./utilities/fsl_assert.o
 .debug_macro   0x0000137f       0x10 ./utilities/fsl_assert.o
 .debug_macro   0x0000138f       0x46 ./utilities/fsl_assert.o
 .debug_macro   0x000013d5       0x1c ./utilities/fsl_assert.o
 .debug_macro   0x000013f1       0x29 ./utilities/fsl_assert.o
 .debug_macro   0x0000141a       0xfb ./utilities/fsl_assert.o
 .debug_macro   0x00001515     0x167e ./utilities/fsl_assert.o
 .debug_macro   0x00002b93       0x5e ./utilities/fsl_assert.o
 .debug_macro   0x00002bf1       0x2e ./utilities/fsl_assert.o
 .debug_macro   0x00002c1f    0x100d0 ./utilities/fsl_assert.o
 .debug_macro   0x00012cef      0x3ef ./utilities/fsl_assert.o
 .debug_macro   0x000130de       0x7a ./utilities/fsl_assert.o
 .debug_macro   0x00013158       0xa8 ./utilities/fsl_assert.o
 .debug_macro   0x00013200      0x2ca ./utilities/fsl_assert.o
 .debug_macro   0x000134ca       0x16 ./utilities/fsl_assert.o
 .debug_macro   0x000134e0       0xee ./utilities/fsl_assert.o
 .debug_macro   0x000135ce       0x70 ./utilities/fsl_assert.o
 .debug_macro   0x0001363e       0x46 ./utilities/fsl_assert.o
 .debug_macro   0x00013684       0x16 ./utilities/fsl_assert.o
 .debug_macro   0x0001369a       0x6d ./utilities/fsl_assert.o
 .debug_macro   0x00013707       0x16 ./utilities/fsl_assert.o
 .debug_macro   0x0001371d       0x1c ./utilities/fsl_assert.o
 .debug_macro   0x00013739       0x1c ./utilities/fsl_assert.o
 .debug_macro   0x00013755      0x1f2 ./utilities/fsl_debug_console.o
 .debug_macro   0x00013947       0x16 ./utilities/fsl_debug_console.o
 .debug_macro   0x0001395d       0x10 ./utilities/fsl_debug_console.o
 .debug_macro   0x0001396d       0x28 ./utilities/fsl_debug_console.o
 .debug_macro   0x00013995       0x50 ./utilities/fsl_debug_console.o
 .debug_macro   0x000139e5       0x1c ./utilities/fsl_debug_console.o
 .debug_macro   0x00013a01      0x178 ./utilities/fsl_str.o
 .debug_macro   0x00013b79       0xc4 ./utilities/fsl_str.o
 .debug_macro   0x00013c3d      0x1c7 ./utilities/fsl_str.o
 .debug_macro   0x00013e04       0x56 ./utilities/fsl_str.o
 .debug_macro   0x00013e5a       0x29 ./startup/startup_lpc5526.o
 .debug_macro   0x00013e83      0x285 ./source/LPC5526_PM.o
 .debug_macro   0x00014108       0xd8 ./source/LPC5526_PM.o
 .debug_macro   0x000141e0       0x10 ./source/LPC5526_PM.o
 .debug_macro   0x000141f0       0x10 ./source/LPC5526_PM.o
 .debug_macro   0x00014200       0x46 ./source/LPC5526_PM.o
 .debug_macro   0x00014246       0x16 ./source/LPC5526_PM.o
 .debug_macro   0x0001425c       0x3a ./source/LPC5526_PM.o
 .debug_macro   0x00014296      0x137 ./source/LPC5526_PM.o
 .debug_macro   0x000143cd       0x76 ./source/LPC5526_PM.o
 .debug_macro   0x00014443       0x22 ./source/LPC5526_PM.o
 .debug_macro   0x00014465       0x10 ./source/LPC5526_PM.o
 .debug_macro   0x00014475      0x143 ./source/LPC5526_PM.o
 .debug_macro   0x000145b8       0x35 ./source/LPC5526_PM.o
 .debug_macro   0x000145ed      0x304 ./source/LPC5526_PM.o
 .debug_macro   0x000148f1       0x10 ./source/LPC5526_PM.o
 .debug_macro   0x00014901       0x16 ./source/LPC5526_PM.o
 .debug_macro   0x00014917      0x1fc ./source/ad9102.o
 .debug_macro   0x00014b13       0x11 ./source/semihost_hardfault.o
 .debug_macro   0x00014b24      0x1db ./drivers/fsl_clock.o
 .debug_macro   0x00014cff      0x13c ./drivers/fsl_common_arm.o
 .debug_macro   0x00014e3b      0x14b ./drivers/fsl_dma.o
 .debug_macro   0x00014f86       0x70 ./drivers/fsl_dma.o
 .debug_macro   0x00014ff6      0x145 ./drivers/fsl_flexcomm.o
 .debug_macro   0x0001513b      0x14c ./drivers/fsl_gpio.o
 .debug_macro   0x00015287      0x410 ./drivers/fsl_power.o
 .debug_macro   0x00015697      0x13c ./drivers/fsl_reset.o
 .debug_macro   0x000157d3      0x16c ./drivers/fsl_spi.o
 .debug_macro   0x0001593f      0x1a3 ./drivers/fsl_spi_cmsis.o
 .debug_macro   0x00015ae2      0x154 ./drivers/fsl_usart.o
 .debug_macro   0x00015c36       0x1c ./drivers/fsl_usart.o
 .debug_macro   0x00015c52       0xc1 ./device/system_LPC5526.o
 .debug_macro   0x00015d13      0x151 ./component/uart/fsl_adapter_usart.o
 .debug_macro   0x00015e64       0x22 ./component/uart/fsl_adapter_usart.o
 .debug_macro   0x00015e86       0x46 ./component/uart/fsl_adapter_usart.o
 .debug_macro   0x00015ecc      0x1b5 ./component/serial_manager/fsl_component_serial_manager.o
 .debug_macro   0x00016081       0x6a ./component/serial_manager/fsl_component_serial_manager.o
 .debug_macro   0x000160eb      0x179 ./component/serial_manager/fsl_component_serial_port_uart.o
 .debug_macro   0x00016264       0x45 ./board/board.o
 .debug_macro   0x000162a9      0x15c ./board/clock_config.o
 .debug_macro   0x00016405      0x2fe ./board/clock_config.o
 .debug_macro   0x00016703       0x2f ./board/clock_config.o
 .debug_macro   0x00016732      0x1a6 ./board/peripherals.o
 .debug_macro   0x000168d8      0x13f ./board/pin_mux.o

.debug_line     0x00000000     0xc2e0
 .debug_line    0x00000000      0x446 ./utilities/fsl_assert.o
 .debug_line    0x00000446      0x857 ./utilities/fsl_debug_console.o
 .debug_line    0x00000c9d      0xad0 ./utilities/fsl_str.o
 .debug_line    0x0000176d      0x6a5 ./startup/startup_lpc5526.o
 .debug_line    0x00001e12      0x7ee ./source/LPC5526_PM.o
 .debug_line    0x00002600      0x6af ./source/ad9102.o
 .debug_line    0x00002caf       0x59 ./source/semihost_hardfault.o
 .debug_line    0x00002d08     0x171d ./drivers/fsl_clock.o
 .debug_line    0x00004425      0x343 ./drivers/fsl_common_arm.o
 .debug_line    0x00004768      0xe32 ./drivers/fsl_dma.o
 .debug_line    0x0000559a      0x5e5 ./drivers/fsl_flexcomm.o
 .debug_line    0x00005b7f      0x3af ./drivers/fsl_gpio.o
 .debug_line    0x00005f2e      0xe56 ./drivers/fsl_power.o
 .debug_line    0x00006d84      0x39c ./drivers/fsl_reset.o
 .debug_line    0x00007120      0xef1 ./drivers/fsl_spi.o
 .debug_line    0x00008011      0xc04 ./drivers/fsl_spi_cmsis.o
 .debug_line    0x00008c15      0xf3d ./drivers/fsl_usart.o
 .debug_line    0x00009b52      0x671 ./device/system_LPC5526.o
 .debug_line    0x0000a1c3      0x537 ./component/uart/fsl_adapter_usart.o
 .debug_line    0x0000a6fa      0x793 ./component/serial_manager/fsl_component_serial_manager.o
 .debug_line    0x0000ae8d      0x534 ./component/serial_manager/fsl_component_serial_port_uart.o
 .debug_line    0x0000b3c1      0x17e ./board/board.o
 .debug_line    0x0000b53f      0x473 ./board/clock_config.o
 .debug_line    0x0000b9b2      0x4a8 ./board/peripherals.o
 .debug_line    0x0000be5a      0x486 ./board/pin_mux.o

.debug_str      0x00000000    0xb8783
 .debug_str     0x00000000    0xa8aac ./utilities/fsl_assert.o
                              0xa8b3d (size before relaxing)
 .debug_str     0x000a8aac     0x165d ./utilities/fsl_debug_console.o
                              0xaa1f0 (size before relaxing)
 .debug_str     0x000aa109      0xc0a ./utilities/fsl_str.o
                              0xa8e73 (size before relaxing)
 .debug_str     0x000aad13      0x6d1 ./startup/startup_lpc5526.o
                               0x3498 (size before relaxing)
 .debug_str     0x000ab3e4     0x5660 ./source/LPC5526_PM.o
                              0xaed65 (size before relaxing)
 .debug_str     0x000b0a44      0x138 ./source/ad9102.o
                              0xab6a3 (size before relaxing)
 .debug_str     0x000b0b7c       0x1f ./source/semihost_hardfault.o
                               0x2ddb (size before relaxing)
 .debug_str     0x000b0b9b     0x22b0 ./drivers/fsl_clock.o
                              0xace0e (size before relaxing)
 .debug_str     0x000b2e4b       0x82 ./drivers/fsl_common_arm.o
                              0xa806d (size before relaxing)
 .debug_str     0x000b2ecd      0xadf ./drivers/fsl_dma.o
                              0xab5bc (size before relaxing)
 .debug_str     0x000b39ac      0x2ff ./drivers/fsl_flexcomm.o
                              0xaa4c7 (size before relaxing)
 .debug_str     0x000b3cab       0x90 ./drivers/fsl_gpio.o
                              0xa9e31 (size before relaxing)
 .debug_str     0x000b3d3b     0x206c ./drivers/fsl_power.o
                              0xad335 (size before relaxing)
 .debug_str     0x000b5da7       0xae ./drivers/fsl_reset.o
                              0xa8ddb (size before relaxing)
 .debug_str     0x000b5e55      0xc17 ./drivers/fsl_spi.o
                              0xa9f91 (size before relaxing)
 .debug_str     0x000b6a6c      0x474 ./drivers/fsl_spi_cmsis.o
                              0xabb07 (size before relaxing)
 .debug_str     0x000b6ee0      0xc99 ./drivers/fsl_usart.o
                              0xa9eb0 (size before relaxing)
 .debug_str     0x000b7b79      0x113 ./device/system_LPC5526.o
                              0xa6139 (size before relaxing)
 .debug_str     0x000b7c8c      0x318 ./component/uart/fsl_adapter_usart.o
                              0xa95d7 (size before relaxing)
 .debug_str     0x000b7fa4      0x55c ./component/serial_manager/fsl_component_serial_manager.o
                              0xa9d45 (size before relaxing)
 .debug_str     0x000b8500      0x106 ./component/serial_manager/fsl_component_serial_port_uart.o
                              0xa8eda (size before relaxing)
 .debug_str     0x000b8606       0x28 ./board/board.o
                               0x44b2 (size before relaxing)
 .debug_str     0x000b862e       0xac ./board/clock_config.o
                              0xaadc8 (size before relaxing)
 .debug_str     0x000b86da       0x74 ./board/peripherals.o
                              0xa9953 (size before relaxing)
 .debug_str     0x000b874e       0x35 ./board/pin_mux.o
                              0xa9374 (size before relaxing)

.comment        0x00000000       0x49
 .comment       0x00000000       0x49 ./utilities/fsl_assert.o
                                 0x4a (size before relaxing)
 .comment       0x00000049       0x4a ./utilities/fsl_debug_console.o
 .comment       0x00000049       0x4a ./utilities/fsl_str.o
 .comment       0x00000049       0x4a ./startup/startup_lpc5526.o
 .comment       0x00000049       0x4a ./source/LPC5526_PM.o
 .comment       0x00000049       0x4a ./source/ad9102.o
 .comment       0x00000049       0x4a ./source/semihost_hardfault.o
 .comment       0x00000049       0x4a ./drivers/fsl_clock.o
 .comment       0x00000049       0x4a ./drivers/fsl_common_arm.o
 .comment       0x00000049       0x4a ./drivers/fsl_dma.o
 .comment       0x00000049       0x4a ./drivers/fsl_flexcomm.o
 .comment       0x00000049       0x4a ./drivers/fsl_gpio.o
 .comment       0x00000049       0x4a ./drivers/fsl_power.o
 .comment       0x00000049       0x4a ./drivers/fsl_reset.o
 .comment       0x00000049       0x4a ./drivers/fsl_spi.o
 .comment       0x00000049       0x4a ./drivers/fsl_spi_cmsis.o
 .comment       0x00000049       0x4a ./drivers/fsl_usart.o
 .comment       0x00000049       0x4a ./device/system_LPC5526.o
 .comment       0x00000049       0x4a ./component/uart/fsl_adapter_usart.o
 .comment       0x00000049       0x4a ./component/serial_manager/fsl_component_serial_manager.o
 .comment       0x00000049       0x4a ./component/serial_manager/fsl_component_serial_port_uart.o
 .comment       0x00000049       0x4a ./board/board.o
 .comment       0x00000049       0x4a ./board/clock_config.o
 .comment       0x00000049       0x4a ./board/peripherals.o
 .comment       0x00000049       0x4a ./board/pin_mux.o
 .comment       0x00000049       0x4a c:/nxp/mcuxpressoide_11.6.0_8187/ide/plugins/com.nxp.mcuxpresso.tools.win32_11.6.0.202112161359/tools/bin/../lib/gcc/arm-none-eabi/10.3.1/../../../../arm-none-eabi/lib/thumb/v8-m.main+fp/hard\libcr_nohost_nf.a(_cr__main.o)
 .comment       0x00000049       0x4a c:/nxp/mcuxpressoide_11.6.0_8187/ide/plugins/com.nxp.mcuxpresso.tools.win32_11.6.0.202112161359/tools/bin/../lib/gcc/arm-none-eabi/10.3.1/../../../../arm-none-eabi/lib/thumb/v8-m.main+fp/hard\libcr_c.a(memcpy.o)
 .comment       0x00000049       0x4a c:/nxp/mcuxpressoide_11.6.0_8187/ide/plugins/com.nxp.mcuxpresso.tools.win32_11.6.0.202112161359/tools/bin/../lib/gcc/arm-none-eabi/10.3.1/../../../../arm-none-eabi/lib/thumb/v8-m.main+fp/hard\libcr_c.a(memset.o)
 .comment       0x00000049       0x4a c:/nxp/mcuxpressoide_11.6.0_8187/ide/plugins/com.nxp.mcuxpresso.tools.win32_11.6.0.202112161359/tools/bin/../lib/gcc/arm-none-eabi/10.3.1/../../../../arm-none-eabi/lib/thumb/v8-m.main+fp/hard\libcr_c.a(alloc.o)
 .comment       0x00000049       0x4a c:/nxp/mcuxpressoide_11.6.0_8187/ide/plugins/com.nxp.mcuxpresso.tools.win32_11.6.0.202112161359/tools/bin/../lib/gcc/arm-none-eabi/10.3.1/../../../../arm-none-eabi/lib/thumb/v8-m.main+fp/hard\libcr_c.a(errno.o)
 .comment       0x00000049       0x4a c:/nxp/mcuxpressoide_11.6.0_8187/ide/plugins/com.nxp.mcuxpresso.tools.win32_11.6.0.202112161359/tools/bin/../lib/gcc/arm-none-eabi/10.3.1/../../../../arm-none-eabi/lib/thumb/v8-m.main+fp/hard\libcr_c.a(initio.o)
 .comment       0x00000049       0x4a c:/nxp/mcuxpressoide_11.6.0_8187/ide/plugins/com.nxp.mcuxpresso.tools.win32_11.6.0.202112161359/tools/bin/../lib/gcc/arm-none-eabi/10.3.1/../../../../arm-none-eabi/lib/thumb/v8-m.main+fp/hard\libcr_c.a(setvbuf.o)
 .comment       0x00000049       0x4a c:/nxp/mcuxpressoide_11.6.0_8187/ide/plugins/com.nxp.mcuxpresso.tools.win32_11.6.0.202112161359/tools/bin/../lib/gcc/arm-none-eabi/10.3.1/../../../../arm-none-eabi/lib/thumb/v8-m.main+fp/hard\libcr_c.a(strlen.o)
 .comment       0x00000049       0x4a c:/nxp/mcuxpressoide_11.6.0_8187/ide/plugins/com.nxp.mcuxpresso.tools.win32_11.6.0.202112161359/tools/bin/../lib/gcc/arm-none-eabi/10.3.1/../../../../arm-none-eabi/lib/thumb/v8-m.main+fp/hard\libcr_c.a(_deferredlazyseek.o)
 .comment       0x00000049       0x4a c:/nxp/mcuxpressoide_11.6.0_8187/ide/plugins/com.nxp.mcuxpresso.tools.win32_11.6.0.202112161359/tools/bin/../lib/gcc/arm-none-eabi/10.3.1/../../../../arm-none-eabi/lib/thumb/v8-m.main+fp/hard\libcr_c.a(_fdopen.o)
 .comment       0x00000049       0x4a c:/nxp/mcuxpressoide_11.6.0_8187/ide/plugins/com.nxp.mcuxpresso.tools.win32_11.6.0.202112161359/tools/bin/../lib/gcc/arm-none-eabi/10.3.1/../../../../arm-none-eabi/lib/thumb/v8-m.main+fp/hard\libcr_c.a(_fflush.o)
 .comment       0x00000049       0x4a c:/nxp/mcuxpressoide_11.6.0_8187/ide/plugins/com.nxp.mcuxpresso.tools.win32_11.6.0.202112161359/tools/bin/../lib/gcc/arm-none-eabi/10.3.1/../../../../arm-none-eabi/lib/thumb/v8-m.main+fp/hard\libcr_c.a(_writebuf.o)
 .comment       0x00000049       0x4a c:/nxp/mcuxpressoide_11.6.0_8187/ide/plugins/com.nxp.mcuxpresso.tools.win32_11.6.0.202112161359/tools/bin/../lib/gcc/arm-none-eabi/10.3.1/../../../../arm-none-eabi/lib/thumb/v8-m.main+fp/hard\libcr_c.a(fclose.o)
 .comment       0x00000049       0x4a c:/nxp/mcuxpressoide_11.6.0_8187/ide/plugins/com.nxp.mcuxpresso.tools.win32_11.6.0.202112161359/tools/bin/../lib/gcc/arm-none-eabi/10.3.1/../../../../arm-none-eabi/lib/thumb/v8-m.main+fp/hard\libcr_c.a(fflush.o)
 .comment       0x00000049       0x4a c:/nxp/mcuxpressoide_11.6.0_8187/ide/plugins/com.nxp.mcuxpresso.tools.win32_11.6.0.202112161359/tools/bin/../lib/gcc/arm-none-eabi/10.3.1/../../../../arm-none-eabi/lib/thumb/v8-m.main+fp/hard\libcr_c.a(fseek.o)
 .comment       0x00000049       0x4a c:/nxp/mcuxpressoide_11.6.0_8187/ide/plugins/com.nxp.mcuxpresso.tools.win32_11.6.0.202112161359/tools/bin/../lib/gcc/arm-none-eabi/10.3.1/../../../../arm-none-eabi/lib/thumb/v8-m.main+fp/hard\libcr_c.a(ftell.o)
 .comment       0x00000049       0x4a c:/nxp/mcuxpressoide_11.6.0_8187/ide/plugins/com.nxp.mcuxpresso.tools.win32_11.6.0.202112161359/tools/bin/../lib/gcc/arm-none-eabi/10.3.1/../../../../arm-none-eabi/lib/thumb/v8-m.main+fp/hard\libcr_c.a(remove.o)
 .comment       0x00000049       0x4a c:/nxp/mcuxpressoide_11.6.0_8187/ide/plugins/com.nxp.mcuxpresso.tools.win32_11.6.0.202112161359/tools/bin/../lib/gcc/arm-none-eabi/10.3.1/../../../../arm-none-eabi/lib/thumb/v8-m.main+fp/hard\libcr_c.a(_do_fflush.o)
 .comment       0x00000049       0x4a c:/nxp/mcuxpressoide_11.6.0_8187/ide/plugins/com.nxp.mcuxpresso.tools.win32_11.6.0.202112161359/tools/bin/../lib/gcc/arm-none-eabi/10.3.1/thumb/v8-m.main+fp/hard\libcr_eabihelpers.a(double.o)
 .comment       0x00000049       0x4a c:/nxp/mcuxpressoide_11.6.0_8187/ide/plugins/com.nxp.mcuxpresso.tools.win32_11.6.0.202112161359/tools/bin/../lib/gcc/arm-none-eabi/10.3.1/thumb/v8-m.main+fp/hard\libcr_eabihelpers.a(float.o)
 .comment       0x00000049       0x4a c:/nxp/mcuxpressoide_11.6.0_8187/ide/plugins/com.nxp.mcuxpresso.tools.win32_11.6.0.202112161359/tools/bin/../lib/gcc/arm-none-eabi/10.3.1/../../../../arm-none-eabi/lib/thumb/v8-m.main+fp/hard\libcr_nohost_nf.a(__ciob.o)
 .comment       0x00000049       0x4a c:/nxp/mcuxpressoide_11.6.0_8187/ide/plugins/com.nxp.mcuxpresso.tools.win32_11.6.0.202112161359/tools/bin/../lib/gcc/arm-none-eabi/10.3.1/../../../../arm-none-eabi/lib/thumb/v8-m.main+fp/hard\libcr_nohost_nf.a(__sys_close.o)
 .comment       0x00000049       0x4a c:/nxp/mcuxpressoide_11.6.0_8187/ide/plugins/com.nxp.mcuxpresso.tools.win32_11.6.0.202112161359/tools/bin/../lib/gcc/arm-none-eabi/10.3.1/../../../../arm-none-eabi/lib/thumb/v8-m.main+fp/hard\libcr_nohost_nf.a(__sys_flen.o)
 .comment       0x00000049       0x4a c:/nxp/mcuxpressoide_11.6.0_8187/ide/plugins/com.nxp.mcuxpresso.tools.win32_11.6.0.202112161359/tools/bin/../lib/gcc/arm-none-eabi/10.3.1/../../../../arm-none-eabi/lib/thumb/v8-m.main+fp/hard\libcr_nohost_nf.a(__sys_istty.o)
 .comment       0x00000049       0x4a c:/nxp/mcuxpressoide_11.6.0_8187/ide/plugins/com.nxp.mcuxpresso.tools.win32_11.6.0.202112161359/tools/bin/../lib/gcc/arm-none-eabi/10.3.1/../../../../arm-none-eabi/lib/thumb/v8-m.main+fp/hard\libcr_nohost_nf.a(__sys_remove.o)
 .comment       0x00000049       0x4a c:/nxp/mcuxpressoide_11.6.0_8187/ide/plugins/com.nxp.mcuxpresso.tools.win32_11.6.0.202112161359/tools/bin/../lib/gcc/arm-none-eabi/10.3.1/../../../../arm-none-eabi/lib/thumb/v8-m.main+fp/hard\libcr_nohost_nf.a(__sys_seek.o)
 .comment       0x00000049       0x4a c:/nxp/mcuxpressoide_11.6.0_8187/ide/plugins/com.nxp.mcuxpresso.tools.win32_11.6.0.202112161359/tools/bin/../lib/gcc/arm-none-eabi/10.3.1/../../../../arm-none-eabi/lib/thumb/v8-m.main+fp/hard\libcr_nohost_nf.a(__sys_tmpnam.o)
 .comment       0x00000049       0x4a c:/nxp/mcuxpressoide_11.6.0_8187/ide/plugins/com.nxp.mcuxpresso.tools.win32_11.6.0.202112161359/tools/bin/../lib/gcc/arm-none-eabi/10.3.1/../../../../arm-none-eabi/lib/thumb/v8-m.main+fp/hard\libcr_nohost_nf.a(__sys_write.o)

.ARM.attributes
                0x00000000       0x38
 .ARM.attributes
                0x00000000       0x3a ./utilities/fsl_assert.o
 .ARM.attributes
                0x0000003a       0x3a ./utilities/fsl_debug_console.o
 .ARM.attributes
                0x00000074       0x3a ./utilities/fsl_str.o
 .ARM.attributes
                0x000000ae       0x3a ./startup/startup_lpc5526.o
 .ARM.attributes
                0x000000e8       0x3a ./source/LPC5526_PM.o
 .ARM.attributes
                0x00000122       0x3a ./source/ad9102.o
 .ARM.attributes
                0x0000015c       0x3a ./source/semihost_hardfault.o
 .ARM.attributes
                0x00000196       0x3a ./drivers/fsl_clock.o
 .ARM.attributes
                0x000001d0       0x3a ./drivers/fsl_common_arm.o
 .ARM.attributes
                0x0000020a       0x3a ./drivers/fsl_dma.o
 .ARM.attributes
                0x00000244       0x3a ./drivers/fsl_flexcomm.o
 .ARM.attributes
                0x0000027e       0x3a ./drivers/fsl_gpio.o
 .ARM.attributes
                0x000002b8       0x3a ./drivers/fsl_power.o
 .ARM.attributes
                0x000002f2       0x3a ./drivers/fsl_reset.o
 .ARM.attributes
                0x0000032c       0x3a ./drivers/fsl_spi.o
 .ARM.attributes
                0x00000366       0x3a ./drivers/fsl_spi_cmsis.o
 .ARM.attributes
                0x000003a0       0x3a ./drivers/fsl_usart.o
 .ARM.attributes
                0x000003da       0x3a ./device/system_LPC5526.o
 .ARM.attributes
                0x00000414       0x3a ./component/uart/fsl_adapter_usart.o
 .ARM.attributes
                0x0000044e       0x3a ./component/serial_manager/fsl_component_serial_manager.o
 .ARM.attributes
                0x00000488       0x3a ./component/serial_manager/fsl_component_serial_port_uart.o
 .ARM.attributes
                0x000004c2       0x3a ./board/board.o
 .ARM.attributes
                0x000004fc       0x3a ./board/clock_config.o
 .ARM.attributes
                0x00000536       0x3a ./board/peripherals.o
 .ARM.attributes
                0x00000570       0x3a ./board/pin_mux.o
 .ARM.attributes
                0x000005aa       0x3a c:/nxp/mcuxpressoide_11.6.0_8187/ide/plugins/com.nxp.mcuxpresso.tools.win32_11.6.0.202112161359/tools/bin/../lib/gcc/arm-none-eabi/10.3.1/../../../../arm-none-eabi/lib/thumb/v8-m.main+fp/hard\libcr_nohost_nf.a(_cr__main.o)
 .ARM.attributes
                0x000005e4       0x3a c:/nxp/mcuxpressoide_11.6.0_8187/ide/plugins/com.nxp.mcuxpresso.tools.win32_11.6.0.202112161359/tools/bin/../lib/gcc/arm-none-eabi/10.3.1/../../../../arm-none-eabi/lib/thumb/v8-m.main+fp/hard\libcr_c.a(memcpy.o)
 .ARM.attributes
                0x0000061e       0x3a c:/nxp/mcuxpressoide_11.6.0_8187/ide/plugins/com.nxp.mcuxpresso.tools.win32_11.6.0.202112161359/tools/bin/../lib/gcc/arm-none-eabi/10.3.1/../../../../arm-none-eabi/lib/thumb/v8-m.main+fp/hard\libcr_c.a(memset.o)
 .ARM.attributes
                0x00000658       0x3a c:/nxp/mcuxpressoide_11.6.0_8187/ide/plugins/com.nxp.mcuxpresso.tools.win32_11.6.0.202112161359/tools/bin/../lib/gcc/arm-none-eabi/10.3.1/../../../../arm-none-eabi/lib/thumb/v8-m.main+fp/hard\libcr_c.a(alloc.o)
 .ARM.attributes
                0x00000692       0x3a c:/nxp/mcuxpressoide_11.6.0_8187/ide/plugins/com.nxp.mcuxpresso.tools.win32_11.6.0.202112161359/tools/bin/../lib/gcc/arm-none-eabi/10.3.1/../../../../arm-none-eabi/lib/thumb/v8-m.main+fp/hard\libcr_c.a(errno.o)
 .ARM.attributes
                0x000006cc       0x3a c:/nxp/mcuxpressoide_11.6.0_8187/ide/plugins/com.nxp.mcuxpresso.tools.win32_11.6.0.202112161359/tools/bin/../lib/gcc/arm-none-eabi/10.3.1/../../../../arm-none-eabi/lib/thumb/v8-m.main+fp/hard\libcr_c.a(initio.o)
 .ARM.attributes
                0x00000706       0x3a c:/nxp/mcuxpressoide_11.6.0_8187/ide/plugins/com.nxp.mcuxpresso.tools.win32_11.6.0.202112161359/tools/bin/../lib/gcc/arm-none-eabi/10.3.1/../../../../arm-none-eabi/lib/thumb/v8-m.main+fp/hard\libcr_c.a(setvbuf.o)
 .ARM.attributes