C:\Users\Martijn Roubus\Documents\github_rep\PM_playground\test\CMSIS/core_cm33.h:2378:22:__NVIC_EnableIRQ	16	static
C:\Users\Martijn Roubus\Documents\github_rep\PM_playground\test\drivers/fsl_common_arm.h:499:24:EnableIRQ	24	static
C:\Users\Martijn Roubus\Documents\github_rep\PM_playground\test\drivers/fsl_i2c.h:610:20:I2C_EnableInterrupts	16	static
../board/peripherals.c:120:10:SPI0_GetFreq	4	static
../board/peripherals.c:124:13:FLEXCOMM0_init	8	static
../board/peripherals.c:241:13:ADC0_init	8	static
../board/peripherals.c:324:13:FLEXCOMM1_init	8	static
../board/peripherals.c:336:6:BOARD_InitPeripherals	8	static
../board/peripherals.c:347:6:BOARD_InitBootPeripherals	8	static
