../drivers/fsl_clock.h:983:20:CLOCK_EnableClock	24	static
../drivers/fsl_spi.h:674:24:SPI_SlaveTransferCreateHandle	24	static
../drivers/fsl_spi.h:694:24:SPI_SlaveTransferNonBlocking	24	static
../drivers/fsl_spi.h:722:20:SPI_SlaveTransferAbort	16	static
../drivers/fsl_spi_cmsis.c:114:13:SPI_MasterCommonControl	24	static
../drivers/fsl_spi_cmsis.c:303:13:SPI_SlaveCommonControl	24	static
../drivers/fsl_spi_cmsis.c:448:27:SPIx_GetVersion	16	static
../drivers/fsl_spi_cmsis.c:453:29:SPIx_GetCapabilities	4	static
../drivers/fsl_spi_cmsis.c:938:13:KSDK_SPI_MasterInterruptCallback	32	static
../drivers/fsl_spi_cmsis.c:962:13:KSDK_SPI_SlaveInterruptCallback	32	static
../drivers/fsl_spi_cmsis.c:983:16:SPI_InterruptInitialize	16	static
../drivers/fsl_spi_cmsis.c:994:16:SPI_InterruptUninitialize	16	static
../drivers/fsl_spi_cmsis.c:1000:16:SPI_InterruptPowerControl	24	static
../drivers/fsl_spi_cmsis.c:1041:16:SPI_InterruptSend	48	static
../drivers/fsl_spi_cmsis.c:1084:16:SPI_InterruptReceive	48	static
../drivers/fsl_spi_cmsis.c:1127:16:SPI_InterruptTransfer	48	static
../drivers/fsl_spi_cmsis.c:1172:17:SPI_InterruptGetCount	24	static
../drivers/fsl_spi_cmsis.c:1189:16:SPI_InterruptControl	80	static
../drivers/fsl_spi_cmsis.c:1343:23:SPI_InterruptGetStatus	24	static
../drivers/fsl_spi_cmsis.c:1467:16:SPI0_InterruptInitialize	16	static
../drivers/fsl_spi_cmsis.c:1475:16:SPI0_InterruptUninitialize	8	static
../drivers/fsl_spi_cmsis.c:1483:16:SPI0_InterruptPowerControl	16	static
../drivers/fsl_spi_cmsis.c:1488:16:SPI0_InterruptSend	16	static
../drivers/fsl_spi_cmsis.c:1493:16:SPI0_InterruptReceive	16	static
../drivers/fsl_spi_cmsis.c:1498:16:SPI0_InterruptTransfer	24	static
../drivers/fsl_spi_cmsis.c:1503:17:SPI0_InterruptGetCount	8	static
../drivers/fsl_spi_cmsis.c:1508:16:SPI0_InterruptControl	16	static
../drivers/fsl_spi_cmsis.c:1513:23:SPI0_InterruptGetStatus	8	static
